ARM Linker, 4.1 [Build 481] [Evaluation]

==============================================================================

Section Cross References

    main.o(i.fputc) refers to stm32f10x_usart.o(i.USART_SendData) for USART_SendData
    main.o(i.fputc) refers to stm32f10x_usart.o(i.USART_GetFlagStatus) for USART_GetFlagStatus
    main.o(i.main) refers to usart.o(i.clean_gps_flag) for clean_gps_flag
    main.o(i.main) refers to usart.o(i.clear_buf_uart3) for clear_buf_uart3
    main.o(i.main) refers to times.o(i.clean_time2_flags) for clean_time2_flags
    main.o(i.main) refers to usart.o(i.clean_tp_flag) for clean_tp_flag
    main.o(i.main) refers to main.o(i.stm32_Init) for stm32_Init
    main.o(i.main) refers to printf3.o(i.__0printf$3) for __2printf
    main.o(i.main) refers to usart.o(i.send_string_uart1) for send_string_uart1
    main.o(i.main) refers to chipset.o(i.Init_TIM2) for Init_TIM2
    main.o(i.main) refers to gprs.o(i.init_gprs_mode) for init_gprs_mode
    main.o(i.main) refers to gprs.o(i.is_gprs_mode_status_ok) for is_gprs_mode_status_ok
    main.o(i.main) refers to gprs.o(i.send_gsm_text) for send_gsm_text
    main.o(i.stm32_Init) refers to chipset.o(i.RCC_Configuration) for RCC_Configuration
    main.o(i.stm32_Init) refers to chipset.o(i.NVIC_Configuration) for NVIC_Configuration
    main.o(i.stm32_Init) refers to chipset.o(i.GPIO_Configuration) for GPIO_Configuration
    main.o(i.stm32_Init) refers to chipset.o(i.USART_Configuration) for USART_Configuration
    gprs.o(i.PARSER_SMS_TO_CONFIG) refers to memseta.o(.text) for __aeabi_memclr4
    gprs.o(i.PARSER_SMS_TO_CONFIG) refers to printf3.o(i.__0sprintf$3) for __2sprintf
    gprs.o(i.PARSER_SMS_TO_CONFIG) refers to usart.o(i.send_string_uart1) for send_string_uart1
    gprs.o(i.PARSER_SMS_TO_CONFIG) refers to strstr.o(.text) for strstr
    gprs.o(i.PARSER_SMS_TO_CONFIG) refers to strncpy.o(.text) for strncpy
    gprs.o(i.PARSER_SMS_TO_CONFIG) refers to gprs.o(i.send_gsm_text) for send_gsm_text
    gprs.o(i.PARSER_SMS_TO_CONFIG) refers to gprs.o(.bss) for .bss
    gprs.o(i.S_CLOSE_TRANSPARENT_MODE_DEF_S) refers to usart.o(i.send_string_uart1) for send_string_uart1
    gprs.o(i.S_CLOSE_TRANSPARENT_MODE_DEF_S) refers to usart.o(i.clear_buf_uart1) for clear_buf_uart1
    gprs.o(i.S_CLOSE_TRANSPARENT_MODE_DEF_S) refers to usart.o(.bss) for buf_uart1
    gprs.o(i.S_CLOSE_TRANSPARENT_MODE_DEF_S) refers to gprs.o(.data) for .data
    gprs.o(i.S_CREG) refers to usart.o(i.send_string_uart1) for send_string_uart1
    gprs.o(i.S_CREG) refers to usart.o(i.debug_put_word) for debug_put_word
    gprs.o(i.S_CREG) refers to usart.o(i.clear_buf_uart3) for clear_buf_uart3
    gprs.o(i.S_CREG) refers to usart.o(i.send_string_uart3) for send_string_uart3
    gprs.o(i.S_CREG) refers to usart.o(.bss) for buf_uart3
    gprs.o(i.S_CREG) refers to gprs.o(.data) for .data
    gprs.o(i.S_ECHO0) refers to usart.o(i.send_string_uart1) for send_string_uart1
    gprs.o(i.S_ECHO0) refers to usart.o(i.clear_buf_uart3) for clear_buf_uart3
    gprs.o(i.S_ECHO0) refers to usart.o(i.send_string_uart3) for send_string_uart3
    gprs.o(i.S_ECHO0) refers to times.o(i.delay_GSM) for delay_GSM
    gprs.o(i.S_ECHO0) refers to usart.o(.bss) for buf_uart3
    gprs.o(i.S_ECHO0) refers to gprs.o(.data) for .data
    gprs.o(i.S_GPRS_ACT_PDP_S) refers to usart.o(i.send_string_uart1) for send_string_uart1
    gprs.o(i.S_GPRS_ACT_PDP_S) refers to usart.o(i.clear_buf_uart3) for clear_buf_uart3
    gprs.o(i.S_GPRS_ACT_PDP_S) refers to usart.o(i.send_string_uart3) for send_string_uart3
    gprs.o(i.S_GPRS_ACT_PDP_S) refers to usart.o(.bss) for buf_uart3
    gprs.o(i.S_GPRS_ACT_PDP_S) refers to gprs.o(.data) for .data
    gprs.o(i.S_GPRS_DEF_PDP_S) refers to usart.o(i.send_string_uart1) for send_string_uart1
    gprs.o(i.S_GPRS_DEF_PDP_S) refers to strstr.o(.text) for strstr
    gprs.o(i.S_GPRS_DEF_PDP_S) refers to usart.o(i.clear_buf_uart3) for clear_buf_uart3
    gprs.o(i.S_GPRS_DEF_PDP_S) refers to usart.o(i.send_string_uart3) for send_string_uart3
    gprs.o(i.S_GPRS_DEF_PDP_S) refers to usart.o(.bss) for buf_uart3
    gprs.o(i.S_GPRS_DEF_PDP_S) refers to gprs.o(.data) for .data
    gprs.o(i.S_GSM_CHAR_MODE_CN_S) refers to usart.o(i.send_string_uart1) for send_string_uart1
    gprs.o(i.S_GSM_CHAR_MODE_CN_S) refers to usart.o(i.clear_buf_uart3) for clear_buf_uart3
    gprs.o(i.S_GSM_CHAR_MODE_CN_S) refers to usart.o(i.send_string_uart3) for send_string_uart3
    gprs.o(i.S_GSM_CHAR_MODE_CN_S) refers to usart.o(.bss) for buf_uart3
    gprs.o(i.S_GSM_CHAR_MODE_CN_S) refers to gprs.o(.data) for .data
    gprs.o(i.S_GSM_CHAR_MODE_RET_CN_S) refers to usart.o(i.send_string_uart1) for send_string_uart1
    gprs.o(i.S_GSM_CHAR_MODE_RET_CN_S) refers to usart.o(i.clear_buf_uart3) for clear_buf_uart3
    gprs.o(i.S_GSM_CHAR_MODE_RET_CN_S) refers to usart.o(i.send_string_uart3) for send_string_uart3
    gprs.o(i.S_GSM_CHAR_MODE_RET_CN_S) refers to usart.o(.bss) for buf_uart3
[...]
    printf8.o(i._printf_core) refers to uldiv.o(.text) for __aeabi_uldivmod
    printf8.o(i._printf_core) refers to printf8.o(i._printf_post_padding) for _printf_post_padding
    printfa.o(i.__0fprintf) refers (Special) to iusefp.o(.text) for __I$use$fp
    printfa.o(i.__0fprintf) refers to printfa.o(i._printf_core) for _printf_core
    printfa.o(i.__0fprintf) refers to main.o(i.fputc) for fputc
    printfa.o(i.__0printf) refers (Special) to iusefp.o(.text) for __I$use$fp
    printfa.o(i.__0printf) refers to printfa.o(i._printf_core) for _printf_core
    printfa.o(i.__0printf) refers to main.o(i.fputc) for fputc
    printfa.o(i.__0printf) refers to stdout.o(.data) for __stdout
    printfa.o(i.__0snprintf) refers (Special) to iusefp.o(.text) for __I$use$fp
    printfa.o(i.__0snprintf) refers to printfa.o(i._printf_core) for _printf_core
    printfa.o(i.__0snprintf) refers to printfa.o(i._snputc) for _snputc
    printfa.o(i.__0sprintf) refers (Special) to iusefp.o(.text) for __I$use$fp
    printfa.o(i.__0sprintf) refers to printfa.o(i._printf_core) for _printf_core
    printfa.o(i.__0sprintf) refers to printfa.o(i._sputc) for _sputc
    printfa.o(i.__0vfprintf) refers (Special) to iusefp.o(.text) for __I$use$fp
    printfa.o(i.__0vfprintf) refers to printfa.o(i._printf_core) for _printf_core
    printfa.o(i.__0vfprintf) refers to main.o(i.fputc) for fputc
    printfa.o(i.__0vprintf) refers (Special) to iusefp.o(.text) for __I$use$fp
    printfa.o(i.__0vprintf) refers to printfa.o(i._printf_core) for _printf_core
    printfa.o(i.__0vprintf) refers to main.o(i.fputc) for fputc
    printfa.o(i.__0vprintf) refers to stdout.o(.data) for __stdout
    printfa.o(i.__0vsnprintf) refers (Special) to iusefp.o(.text) for __I$use$fp
    printfa.o(i.__0vsnprintf) refers to printfa.o(i._printf_core) for _printf_core
    printfa.o(i.__0vsnprintf) refers to printfa.o(i._snputc) for _snputc
    printfa.o(i.__0vsprintf) refers (Special) to iusefp.o(.text) for __I$use$fp
    printfa.o(i.__0vsprintf) refers to printfa.o(i._printf_core) for _printf_core
    printfa.o(i.__0vsprintf) refers to printfa.o(i._sputc) for _sputc
    printfa.o(i._fp_digits) refers (Special) to iusefp.o(.text) for __I$use$fp
    printfa.o(i._fp_digits) refers to dmul.o(.text) for __aeabi_dmul
    printfa.o(i._fp_digits) refers to ddiv.o(.text) for __aeabi_ddiv
    printfa.o(i._fp_digits) refers to cdrcmple.o(.text) for __aeabi_cdrcmple
    printfa.o(i._fp_digits) refers to dadd.o(.text) for __aeabi_dadd
    printfa.o(i._fp_digits) refers to dfixul.o(.text) for __aeabi_d2ulz
    printfa.o(i._fp_digits) refers to uldiv.o(.text) for __aeabi_uldivmod
    printfa.o(i._printf_core) refers (Special) to iusefp.o(.text) for __I$use$fp
    printfa.o(i._printf_core) refers to printfa.o(i._printf_pre_padding) for _printf_pre_padding
    printfa.o(i._printf_core) refers to uldiv.o(.text) for __aeabi_uldivmod
    printfa.o(i._printf_core) refers to printfa.o(i._printf_post_padding) for _printf_post_padding
    printfa.o(i._printf_core) refers to printfa.o(i._fp_digits) for _fp_digits
    printfa.o(i._printf_core) refers to uidiv.o(.text) for __aeabi_uidivmod
    printfa.o(i._printf_post_padding) refers (Special) to iusefp.o(.text) for __I$use$fp
    printfa.o(i._printf_pre_padding) refers (Special) to iusefp.o(.text) for __I$use$fp
    printfa.o(i._snputc) refers (Special) to iusefp.o(.text) for __I$use$fp
    printfa.o(i._sputc) refers (Special) to iusefp.o(.text) for __I$use$fp
    atoi.o(.text) refers to errno.o(i.__aeabi_errno_addr) for __aeabi_errno_addr
    atoi.o(.text) refers to strtol.o(.text) for strtol
    dflti.o(.text) refers (Special) to iusefp.o(.text) for __I$use$fp
    dflti.o(.text) refers to depilogue.o(.text) for _double_epilogue
    dfltui.o(.text) refers (Special) to iusefp.o(.text) for __I$use$fp
    dfltui.o(.text) refers to depilogue.o(.text) for _double_epilogue
    cdcmple.o(.text) refers (Special) to iusefp.o(.text) for __I$use$fp
    cdrcmple.o(.text) refers (Special) to iusefp.o(.text) for __I$use$fp
    entry2.o(.ARM.Collect$$$$00000001) refers to entry2.o(.ARM.Collect$$$$00002712) for __lit__00000000
    entry2.o(.ARM.Collect$$$$00002712) refers to startup_stm32f10x_hd.o(STACK) for __initial_sp
    entry2.o(__vectab_stack_and_reset_area) refers to startup_stm32f10x_hd.o(STACK) for __initial_sp
    entry2.o(__vectab_stack_and_reset_area) refers to entry.o(.ARM.Collect$$$$00000000) for __main
    entry5.o(.ARM.Collect$$$$00000004) refers to init.o(.text) for __scatterload
    entry7.o(.ARM.Collect$$$$00000007) refers to main.o(i.main) for main
    uldiv.o(.text) refers to llushr.o(.text) for __aeabi_llsr
    uldiv.o(.text) refers to llshl.o(.text) for __aeabi_llsl
    errno.o(i.__aeabi_errno_addr) refers to errno.o(.data) for .data
    errno.o(i.__read_errno) refers to errno.o(.data) for .data
    errno.o(i.__set_errno) refers to errno.o(.data) for .data
    strtol.o(.text) refers to ctype_o.o(.text) for __rt_ctype_table
    strtol.o(.text) refers to _strtoul.o(.text) for _strtoul
    strtol.o(.text) refers to errno.o(i.__aeabi_errno_addr) for __aeabi_errno_addr
    depilogue.o(.text) refers to llshl.o(.text) for __aeabi_llsl
    depilogue.o(.text) refers to llushr.o(.text) for __aeabi_llsr
    dadd.o(.text) refers to llshl.o(.text) for __aeabi_llsl
    dadd.o(.text) refers to llsshr.o(.text) for __aeabi_lasr
    dadd.o(.text) refers to depilogue.o(.text) for _double_epilogue
    dmul.o(.text) refers to depilogue.o(.text) for _double_epilogue
    ddiv.o(.text) refers to depilogue.o(.text) for _double_round
    dfixul.o(.text) refers to llushr.o(.text) for __aeabi_llsr
    dfixul.o(.text) refers to llshl.o(.text) for __aeabi_llsl
    init.o(.text) refers to entry5.o(.ARM.Collect$$$$00000004) for __main_after_scatterload
    ctype_o.o(.text) refers to ctype_o.o(.constdata) for .constdata
    ctype_o.o(.constdata) refers to ctype_o.o(.constdata) for __ctype_table
    isalnum_o.o(.text) refers to ctype_o.o(.text) for __rt_ctype_table
    isalpha_o.o(.text) refers to ctype_o.o(.text) for __rt_ctype_table
    isblank_o.o(.text) refers to ctype_o.o(.constdata) for __ctype_table
    iscntrl_o.o(.text) refers to ctype_o.o(.text) for __rt_ctype_table
    isdigit_o.o(.text) refers to ctype_o.o(.text) for __rt_ctype_table
    isgraph_o.o(.text) refers to ctype_o.o(.text) for __rt_ctype_table
    islower_o.o(.text) refers to ctype_o.o(.text) for __rt_ctype_table
    isprint_o.o(.text) refers to ctype_o.o(.text) for __rt_ctype_table
    ispunct_o.o(.text) refers to ctype_o.o(.text) for __rt_ctype_table
    isspace_o.o(.text) refers to ctype_o.o(.text) for __rt_ctype_table
    isupper_o.o(.text) refers to ctype_o.o(.text) for __rt_ctype_table
    isxdigit_o.o(.text) refers to ctype_o.o(.text) for __rt_ctype_table
    _strtoul.o(.text) refers to _chval.o(.text) for _chval
    _strtoul.o(.text) refers to errno.o(i.__aeabi_errno_addr) for __aeabi_errno_addr


==============================================================================

Removing Unused input sections from the image.

    Removing main.o(.data), (1 bytes).
    Removing main.o(.data), (4 bytes).
    Removing gprs.o(i.PARSER_SMS_TO_CONFIG), (248 bytes).
    Removing gprs.o(i.S_CLOSE_TRANSPARENT_MODE_DEF_S), (188 bytes).
    Removing gprs.o(i.S_GPRS_ACT_PDP_S), (152 bytes).
    Removing gprs.o(i.S_GPRS_DEF_PDP_S), (152 bytes).
    Removing gprs.o(i.S_GSM_CHAR_MODE_CN_S), (148 bytes).
    Removing gprs.o(i.S_GSM_CHAR_MODE_RET_CN_S), (132 bytes).
    Removing gprs.o(i.S_READ_SMS_CONTENT), (144 bytes).
    Removing gprs.o(i.S_SMS_READ_CMD_S), (176 bytes).
    Removing gprs.o(i.S_TCPIP_BJ_ADDR), (148 bytes).
    Removing gprs.o(i.S_TCP_IP_CONNECTING), (104 bytes).
    Removing gprs.o(i.S_TM_TRANSPARENT_MODE_ACT_S), (196 bytes).
    Removing gprs.o(i.S_TM_TRANSPARENT_MODE_CONNECT_S), (116 bytes).
    Removing gprs.o(i.S_TM_TRANSPARENT_MODE_DEF_S), (176 bytes).
    Removing gprs.o(i.S_TM_TRANSPARENT_MODE_IOMODE_S), (176 bytes).
    Removing gprs.o(i.S_TM_TRANSPARENT_MODE_TPSMODE_S), (64 bytes).
    Removing gprs.o(i.__GPRS_COM), (2 bytes).
    Removing gprs.o(i.__GPRS_TCPIP), (2 bytes).
    Removing gprs.o(i.__GPRS_TP), (2 bytes).
    Removing gprs.o(i.check_num_of_sms), (204 bytes).
    Removing gprs.o(i.close_tcpip), (216 bytes).
    Removing gprs.o(i.creat_at_mode), (144 bytes).
    Removing gprs.o(i.creat_tcp), (232 bytes).
    Removing gprs.o(i.creat_tp_mode), (208 bytes).
    Removing gprs.o(i.gsmInvertNumbers), (50 bytes).
    Removing gprs.o(i.init_sms_to_send_chinese), (156 bytes).
    Removing gprs.o(i.open_gprs_simple), (296 bytes).
    Removing gprs.o(i.read_data), (36 bytes).
    Removing gprs.o(i.read_socket_data), (116 bytes).
    Removing gprs.o(i.read_the_index_sms), (180 bytes).
    Removing gprs.o(i.send_gprs_data), (108 bytes).
    Removing gprs.o(i.send_gsm_text_chinese), (184 bytes).
    Removing gprs.o(i.send_key_status), (188 bytes).
    Removing gprs.o(i.send_message), (2 bytes).
    Removing gprs.o(i.send_tp_data), (38 bytes).
    Removing gprs.o(i.send_tp_data_to_service), (60 bytes).
    Removing gprs.o(i.start_gprs_mode), (2 bytes).
    Removing gprs.o(.bss), (192 bytes).
    Removing gprs.o(.bss), (100 bytes).
    Removing gprs.o(.bss), (100 bytes).
    Removing gprs.o(.data), (147 bytes).
    Removing gprs.o(.data), (219 bytes).
    Removing gprs.o(.data), (215 bytes).
    Removing times.o(i.Delay), (10 bytes).
    Removing times.o(i.GetComma), (50 bytes).
    Removing times.o(i.delay_1ms), (24 bytes).
    Removing times.o(i.is_enable_read_gps), (24 bytes).
    Removing times.o(i.is_enable_send_gps_position), (24 bytes).
    Removing usart.o(i.clean_config_flag), (16 bytes).
    Removing usart.o(i.clear_buf_uart1), (60 bytes).
    Removing usart.o(i.clear_buf_uart2), (60 bytes).
    Removing usart.o(i.init_data_cache), (24 bytes).
    Removing usart.o(i.is_config_analysising), (12 bytes).
    Removing usart.o(i.is_config_receivering), (12 bytes).
    Removing usart.o(i.is_config_stoping), (12 bytes).
    Removing usart.o(i.is_gps_analysising), (12 bytes).
    Removing usart.o(i.is_gps_receivering), (12 bytes).
    Removing usart.o(i.is_gps_stoping), (12 bytes).
    Removing usart.o(i.is_tp_analysising), (12 bytes).
    Removing usart.o(i.is_tp_receivering), (12 bytes).
    Removing usart.o(i.is_tp_stoping), (12 bytes).
    Removing usart.o(i.send_string_uart2), (20 bytes).
    Removing usart.o(i.usart2_receive_process_event), (64 bytes).
    Removing usart.o(.bss), (101 bytes).
    Removing usart.o(.data), (1 bytes).
    Removing chipset.o(i.IWDG_Configuration), (36 bytes).
    Removing stm32f10x_rcc.o(i.RCC_ADCCLKConfig), (20 bytes).
    Removing stm32f10x_rcc.o(i.RCC_AHBPeriphClockCmd), (24 bytes).
    Removing stm32f10x_rcc.o(i.RCC_AdjustHSICalibrationValue), (20 bytes).
    Removing stm32f10x_rcc.o(i.RCC_BackupResetCmd), (12 bytes).
    Removing stm32f10x_rcc.o(i.RCC_ClearFlag), (16 bytes).
    Removing stm32f10x_rcc.o(i.RCC_ClearITPendingBit), (12 bytes).
    Removing stm32f10x_rcc.o(i.RCC_ClockSecuritySystemCmd), (12 bytes).
    Removing stm32f10x_rcc.o(i.RCC_GetITStatus), (20 bytes).
    Removing stm32f10x_rcc.o(i.RCC_HSICmd), (12 bytes).
    Removing stm32f10x_rcc.o(i.RCC_ITConfig), (24 bytes).
    Removing stm32f10x_rcc.o(i.RCC_LSEConfig), (32 bytes).
    Removing stm32f10x_rcc.o(i.RCC_LSICmd), (12 bytes).
    Removing stm32f10x_rcc.o(i.RCC_MCOConfig), (12 bytes).
    Removing stm32f10x_rcc.o(i.RCC_RTCCLKCmd), (12 bytes).
    Removing stm32f10x_rcc.o(i.RCC_RTCCLKConfig), (16 bytes).
    Removing stm32f10x_rcc.o(i.RCC_USBCLKConfig), (12 bytes).
    Removing stm32f10x_gpio.o(i.GPIO_AFIODeInit), (22 bytes).
    Removing stm32f10x_gpio.o(i.GPIO_DeInit), (180 bytes).
    Removing stm32f10x_gpio.o(i.GPIO_ETH_MediaInterfaceConfig), (12 bytes).
    Removing stm32f10x_gpio.o(i.GPIO_EXTILineConfig), (40 bytes).
    Removing stm32f10x_gpio.o(i.GPIO_EventOutputCmd), (12 bytes).
    Removing stm32f10x_gpio.o(i.GPIO_EventOutputConfig), (28 bytes).
    Removing stm32f10x_gpio.o(i.GPIO_PinLockConfig), (16 bytes).
    Removing stm32f10x_gpio.o(i.GPIO_ReadInputData), (6 bytes).
    Removing stm32f10x_gpio.o(i.GPIO_ReadInputDataBit), (14 bytes).
    Removing stm32f10x_gpio.o(i.GPIO_ReadOutputData), (6 bytes).
    Removing stm32f10x_gpio.o(i.GPIO_ReadOutputDataBit), (14 bytes).
    Removing stm32f10x_gpio.o(i.GPIO_ResetBits), (4 bytes).
    Removing stm32f10x_gpio.o(i.GPIO_SetBits), (4 bytes).
    Removing stm32f10x_gpio.o(i.GPIO_StructInit), (16 bytes).
    Removing stm32f10x_gpio.o(i.GPIO_Write), (4 bytes).
    Removing stm32f10x_gpio.o(i.GPIO_WriteBit), (10 bytes).
    Removing misc.o(i.NVIC_SystemLPConfig), (24 bytes).
    Removing misc.o(i.SysTick_CLKSourceConfig), (24 bytes).
    Removing stm32f10x_exti.o(i.EXTI_ClearFlag), (12 bytes).
    Removing stm32f10x_exti.o(i.EXTI_ClearITPendingBit), (12 bytes).
    Removing stm32f10x_exti.o(i.EXTI_DeInit), (28 bytes).
    Removing stm32f10x_exti.o(i.EXTI_GenerateSWInterrupt), (16 bytes).
    Removing stm32f10x_exti.o(i.EXTI_GetFlagStatus), (20 bytes).
    Removing stm32f10x_exti.o(i.EXTI_GetITStatus), (32 bytes).
    Removing stm32f10x_exti.o(i.EXTI_Init), (132 bytes).
    Removing stm32f10x_exti.o(i.EXTI_StructInit), (14 bytes).
    Removing stm32f10x_spi.o(i.I2S_Cmd), (20 bytes).
    Removing stm32f10x_spi.o(i.I2S_Init), (146 bytes).
    Removing stm32f10x_spi.o(i.I2S_StructInit), (18 bytes).
    Removing stm32f10x_spi.o(i.SPI_BiDirectionalLineConfig), (22 bytes).
    Removing stm32f10x_spi.o(i.SPI_CalculateCRC), (20 bytes).
    Removing stm32f10x_spi.o(i.SPI_Cmd), (20 bytes).
    Removing stm32f10x_spi.o(i.SPI_DataSizeConfig), (16 bytes).
    Removing stm32f10x_spi.o(i.SPI_GetCRC), (12 bytes).
    Removing stm32f10x_spi.o(i.SPI_GetCRCPolynomial), (4 bytes).
    Removing stm32f10x_spi.o(i.SPI_I2S_ClearFlag), (6 bytes).
    Removing stm32f10x_spi.o(i.SPI_I2S_ClearITPendingBit), (14 bytes).
    Removing stm32f10x_spi.o(i.SPI_I2S_DMACmd), (16 bytes).
    Removing stm32f10x_spi.o(i.SPI_I2S_DeInit), (84 bytes).
    Removing stm32f10x_spi.o(i.SPI_I2S_GetFlagStatus), (14 bytes).
    Removing stm32f10x_spi.o(i.SPI_I2S_GetITStatus), (42 bytes).
    Removing stm32f10x_spi.o(i.SPI_I2S_ITConfig), (24 bytes).
    Removing stm32f10x_spi.o(i.SPI_I2S_ReceiveData), (4 bytes).
    Removing stm32f10x_spi.o(i.SPI_I2S_SendData), (4 bytes).
    Removing stm32f10x_spi.o(i.SPI_Init), (56 bytes).
    Removing stm32f10x_spi.o(i.SPI_NSSInternalSoftwareConfig), (24 bytes).
    Removing stm32f10x_spi.o(i.SPI_SSOutputCmd), (20 bytes).
    Removing stm32f10x_spi.o(i.SPI_StructInit), (24 bytes).
    Removing stm32f10x_spi.o(i.SPI_TransmitCRC), (10 bytes).
    Removing stm32f10x_fsmc.o(i.FSMC_ClearFlag), (42 bytes).
    Removing stm32f10x_fsmc.o(i.FSMC_ClearITPendingBit), (44 bytes).
    Removing stm32f10x_fsmc.o(i.FSMC_GetECC), (18 bytes).
    Removing stm32f10x_fsmc.o(i.FSMC_GetFlagStatus), (40 bytes).
    Removing stm32f10x_fsmc.o(i.FSMC_GetITStatus), (48 bytes).
    Removing stm32f10x_fsmc.o(i.FSMC_ITConfig), (80 bytes).
    Removing stm32f10x_fsmc.o(i.FSMC_NANDCmd), (56 bytes).
    Removing stm32f10x_fsmc.o(i.FSMC_NANDDeInit), (40 bytes).
    Removing stm32f10x_fsmc.o(i.FSMC_NANDECCCmd), (56 bytes).
    Removing stm32f10x_fsmc.o(i.FSMC_NANDInit), (100 bytes).
    Removing stm32f10x_fsmc.o(i.FSMC_NANDStructInit), (54 bytes).
    Removing stm32f10x_fsmc.o(i.FSMC_NORSRAMCmd), (32 bytes).
    Removing stm32f10x_fsmc.o(i.FSMC_NORSRAMDeInit), (36 bytes).
    Removing stm32f10x_fsmc.o(i.FSMC_NORSRAMInit), (188 bytes).
    Removing stm32f10x_fsmc.o(i.FSMC_NORSRAMStructInit), (96 bytes).
    Removing stm32f10x_fsmc.o(i.FSMC_PCCARDCmd), (32 bytes).
    Removing stm32f10x_fsmc.o(i.FSMC_PCCARDDeInit), (28 bytes).
    Removing stm32f10x_fsmc.o(i.FSMC_PCCARDInit), (112 bytes).
    Removing stm32f10x_fsmc.o(i.FSMC_PCCARDStructInit), (60 bytes).
    Removing stm32f10x_usart.o(i.USART_ClockInit), (30 bytes).
    Removing stm32f10x_usart.o(i.USART_ClockStructInit), (12 bytes).
    Removing stm32f10x_usart.o(i.USART_DMACmd), (16 bytes).
    Removing stm32f10x_usart.o(i.USART_DeInit), (116 bytes).
    Removing stm32f10x_usart.o(i.USART_HalfDuplexCmd), (20 bytes).
    Removing stm32f10x_usart.o(i.USART_IrDACmd), (20 bytes).
    Removing stm32f10x_usart.o(i.USART_IrDAConfig), (16 bytes).
    Removing stm32f10x_usart.o(i.USART_LINBreakDetectLengthConfig), (16 bytes).
    Removing stm32f10x_usart.o(i.USART_LINCmd), (20 bytes).
    Removing stm32f10x_usart.o(i.USART_OneBitMethodCmd), (20 bytes).
    Removing stm32f10x_usart.o(i.USART_OverSampling8Cmd), (20 bytes).
    Removing stm32f10x_usart.o(i.USART_ReceiverWakeUpCmd), (20 bytes).
    Removing stm32f10x_usart.o(i.USART_SendBreak), (10 bytes).
    Removing stm32f10x_usart.o(i.USART_SetAddress), (16 bytes).
    Removing stm32f10x_usart.o(i.USART_SetGuardTime), (16 bytes).
    Removing stm32f10x_usart.o(i.USART_SetPrescaler), (16 bytes).
    Removing stm32f10x_usart.o(i.USART_SmartCardCmd), (20 bytes).
    Removing stm32f10x_usart.o(i.USART_SmartCardNACKCmd), (20 bytes).
    Removing stm32f10x_usart.o(i.USART_StructInit), (22 bytes).
    Removing stm32f10x_usart.o(i.USART_WakeUpConfig), (16 bytes).
    Removing stm32f10x_sdio.o(i.SDIO_CEATAITCmd), (16 bytes).
    Removing stm32f10x_sdio.o(i.SDIO_ClearFlag), (12 bytes).
    Removing stm32f10x_sdio.o(i.SDIO_ClearITPendingBit), (12 bytes).
    Removing stm32f10x_sdio.o(i.SDIO_ClockCmd), (12 bytes).
    Removing stm32f10x_sdio.o(i.SDIO_CmdStructInit), (14 bytes).
    Removing stm32f10x_sdio.o(i.SDIO_CommandCompletionCmd), (12 bytes).
    Removing stm32f10x_sdio.o(i.SDIO_DMACmd), (12 bytes).
    Removing stm32f10x_sdio.o(i.SDIO_DataConfig), (44 bytes).
    Removing stm32f10x_sdio.o(i.SDIO_DataStructInit), (20 bytes).
    Removing stm32f10x_sdio.o(i.SDIO_DeInit), (36 bytes).
    Removing stm32f10x_sdio.o(i.SDIO_GetCommandResponse), (12 bytes).
    Removing stm32f10x_sdio.o(i.SDIO_GetDataCounter), (12 bytes).
    Removing stm32f10x_sdio.o(i.SDIO_GetFIFOCount), (12 bytes).
    Removing stm32f10x_sdio.o(i.SDIO_GetFlagStatus), (20 bytes).
    Removing stm32f10x_sdio.o(i.SDIO_GetITStatus), (20 bytes).
    Removing stm32f10x_sdio.o(i.SDIO_GetPowerState), (16 bytes).
    Removing stm32f10x_sdio.o(i.SDIO_GetResponse), (12 bytes).
    Removing stm32f10x_sdio.o(i.SDIO_ITConfig), (24 bytes).
    Removing stm32f10x_sdio.o(i.SDIO_Init), (44 bytes).
    Removing stm32f10x_sdio.o(i.SDIO_ReadData), (12 bytes).
    Removing stm32f10x_sdio.o(i.SDIO_SendCEATACmd), (12 bytes).
    Removing stm32f10x_sdio.o(i.SDIO_SendCommand), (40 bytes).
    Removing stm32f10x_sdio.o(i.SDIO_SendSDIOSuspendCmd), (12 bytes).
    Removing stm32f10x_sdio.o(i.SDIO_SetPowerState), (24 bytes).
    Removing stm32f10x_sdio.o(i.SDIO_SetSDIOOperation), (12 bytes).
    Removing stm32f10x_sdio.o(i.SDIO_SetSDIOReadWaitMode), (12 bytes).
    Removing stm32f10x_sdio.o(i.SDIO_StartSDIOReadWait), (12 bytes).
    Removing stm32f10x_sdio.o(i.SDIO_StopSDIOReadWait), (12 bytes).
    Removing stm32f10x_sdio.o(i.SDIO_StructInit), (16 bytes).
    Removing stm32f10x_sdio.o(i.SDIO_WriteData), (12 bytes).
    Removing stm32f10x_dma.o(i.DMA_ClearFlag), (20 bytes).
    Removing stm32f10x_dma.o(i.DMA_ClearITPendingBit), (20 bytes).
    Removing stm32f10x_dma.o(i.DMA_Cmd), (20 bytes).
    Removing stm32f10x_dma.o(i.DMA_DeInit), (236 bytes).
    Removing stm32f10x_dma.o(i.DMA_GetCurrDataCounter), (6 bytes).
    Removing stm32f10x_dma.o(i.DMA_GetFlagStatus), (32 bytes).
    Removing stm32f10x_dma.o(i.DMA_GetITStatus), (32 bytes).
    Removing stm32f10x_dma.o(i.DMA_ITConfig), (16 bytes).
    Removing stm32f10x_dma.o(i.DMA_Init), (58 bytes).
    Removing stm32f10x_dma.o(i.DMA_StructInit), (26 bytes).
    Removing stm32f10x_i2c.o(i.I2C_ARPCmd), (20 bytes).
    Removing stm32f10x_i2c.o(i.I2C_AcknowledgeConfig), (20 bytes).
    Removing stm32f10x_i2c.o(i.I2C_CalculatePEC), (20 bytes).
    Removing stm32f10x_i2c.o(i.I2C_CheckEvent), (24 bytes).
    Removing stm32f10x_i2c.o(i.I2C_ClearFlag), (6 bytes).
    Removing stm32f10x_i2c.o(i.I2C_ClearITPendingBit), (6 bytes).
    Removing stm32f10x_i2c.o(i.I2C_Cmd), (20 bytes).
    Removing stm32f10x_i2c.o(i.I2C_DMACmd), (20 bytes).
    Removing stm32f10x_i2c.o(i.I2C_DMALastTransferCmd), (20 bytes).
    Removing stm32f10x_i2c.o(i.I2C_DeInit), (44 bytes).
    Removing stm32f10x_i2c.o(i.I2C_DualAddressCmd), (20 bytes).
    Removing stm32f10x_i2c.o(i.I2C_FastModeDutyCycleConfig), (22 bytes).
    Removing stm32f10x_i2c.o(i.I2C_GeneralCallCmd), (20 bytes).
    Removing stm32f10x_i2c.o(i.I2C_GenerateSTART), (20 bytes).
    Removing stm32f10x_i2c.o(i.I2C_GenerateSTOP), (20 bytes).
    Removing stm32f10x_i2c.o(i.I2C_GetFlagStatus), (30 bytes).
    Removing stm32f10x_i2c.o(i.I2C_GetITStatus), (32 bytes).
    Removing stm32f10x_i2c.o(i.I2C_GetLastEvent), (14 bytes).
    Removing stm32f10x_i2c.o(i.I2C_GetPEC), (6 bytes).
    Removing stm32f10x_i2c.o(i.I2C_ITConfig), (16 bytes).
    Removing stm32f10x_i2c.o(i.I2C_Init), (184 bytes).
    Removing stm32f10x_i2c.o(i.I2C_OwnAddress2Config), (16 bytes).
    Removing stm32f10x_i2c.o(i.I2C_PECPositionConfig), (22 bytes).
    Removing stm32f10x_i2c.o(i.I2C_ReadRegister), (4 bytes).
    Removing stm32f10x_i2c.o(i.I2C_ReceiveData), (6 bytes).
    Removing stm32f10x_i2c.o(i.I2C_SMBusAlertConfig), (22 bytes).
    Removing stm32f10x_i2c.o(i.I2C_Send7bitAddress), (16 bytes).
    Removing stm32f10x_i2c.o(i.I2C_SendData), (4 bytes).
    Removing stm32f10x_i2c.o(i.I2C_SoftwareResetCmd), (20 bytes).
    Removing stm32f10x_i2c.o(i.I2C_StretchClockCmd), (20 bytes).
    Removing stm32f10x_i2c.o(i.I2C_StructInit), (28 bytes).
    Removing stm32f10x_i2c.o(i.I2C_TransmitPEC), (20 bytes).
    Removing stm32f10x_flash.o(i.FLASH_ClearFlag), (12 bytes).
    Removing stm32f10x_flash.o(i.FLASH_EnableWriteProtection), (172 bytes).
    Removing stm32f10x_flash.o(i.FLASH_EraseAllBank1Pages), (60 bytes).
    Removing stm32f10x_flash.o(i.FLASH_EraseAllPages), (60 bytes).
    Removing stm32f10x_flash.o(i.FLASH_EraseOptionBytes), (124 bytes).
    Removing stm32f10x_flash.o(i.FLASH_ErasePage), (64 bytes).
    Removing stm32f10x_flash.o(i.FLASH_GetBank1Status), (40 bytes).
    Removing stm32f10x_flash.o(i.FLASH_GetFlagStatus), (32 bytes).
    Removing stm32f10x_flash.o(i.FLASH_GetPrefetchBufferStatus), (20 bytes).
    Removing stm32f10x_flash.o(i.FLASH_GetReadOutProtectionStatus), (20 bytes).
    Removing stm32f10x_flash.o(i.FLASH_GetStatus), (40 bytes).
    Removing stm32f10x_flash.o(i.FLASH_GetUserOptionByte), (12 bytes).
    Removing stm32f10x_flash.o(i.FLASH_GetWriteProtectionOptionByte), (12 bytes).
    Removing stm32f10x_flash.o(i.FLASH_HalfCycleAccessCmd), (24 bytes).
    Removing stm32f10x_flash.o(i.FLASH_ITConfig), (24 bytes).
    Removing stm32f10x_flash.o(i.FLASH_Lock), (16 bytes).
    Removing stm32f10x_flash.o(i.FLASH_LockBank1), (16 bytes).
    Removing stm32f10x_flash.o(i.FLASH_ProgramHalfWord), (56 bytes).
    Removing stm32f10x_flash.o(i.FLASH_ProgramOptionByteData), (76 bytes).
    Removing stm32f10x_flash.o(i.FLASH_ProgramWord), (76 bytes).
    Removing stm32f10x_flash.o(i.FLASH_ReadOutProtection), (136 bytes).
    Removing stm32f10x_flash.o(i.FLASH_Unlock), (24 bytes).
    Removing stm32f10x_flash.o(i.FLASH_UnlockBank1), (24 bytes).
    Removing stm32f10x_flash.o(i.FLASH_UserOptionByteConfig), (96 bytes).
    Removing stm32f10x_flash.o(i.FLASH_WaitForLastBank1Operation), (36 bytes).
    Removing stm32f10x_flash.o(i.FLASH_WaitForLastOperation), (36 bytes).
    Removing stm32f10x_iwdg.o(i.IWDG_Enable), (16 bytes).
    Removing stm32f10x_iwdg.o(i.IWDG_GetFlagStatus), (20 bytes).
    Removing stm32f10x_iwdg.o(i.IWDG_ReloadCounter), (16 bytes).
    Removing stm32f10x_iwdg.o(i.IWDG_SetPrescaler), (12 bytes).
    Removing stm32f10x_iwdg.o(i.IWDG_SetReload), (12 bytes).
    Removing stm32f10x_iwdg.o(i.IWDG_WriteAccessCmd), (12 bytes).
    Removing stm32f10x_tim.o(i.TI1_Config), (40 bytes).
    Removing stm32f10x_tim.o(i.TI2_Config), (44 bytes).
    Removing stm32f10x_tim.o(i.TIM_ARRPreloadConfig), (20 bytes).
    Removing stm32f10x_tim.o(i.TIM_BDTRConfig), (34 bytes).
    Removing stm32f10x_tim.o(i.TIM_BDTRStructInit), (18 bytes).
    Removing stm32f10x_tim.o(i.TIM_CCPreloadControl), (20 bytes).
    Removing stm32f10x_tim.o(i.TIM_CCxCmd), (22 bytes).
    Removing stm32f10x_tim.o(i.TIM_CCxNCmd), (22 bytes).
    Removing stm32f10x_tim.o(i.TIM_ClearOC1Ref), (12 bytes).
    Removing stm32f10x_tim.o(i.TIM_ClearOC2Ref), (14 bytes).
    Removing stm32f10x_tim.o(i.TIM_ClearOC3Ref), (12 bytes).
    Removing stm32f10x_tim.o(i.TIM_ClearOC4Ref), (14 bytes).
    Removing stm32f10x_tim.o(i.TIM_CounterModeConfig), (12 bytes).
    Removing stm32f10x_tim.o(i.TIM_CtrlPWMOutputs), (22 bytes).
    Removing stm32f10x_tim.o(i.TIM_DMACmd), (16 bytes).
    Removing stm32f10x_tim.o(i.TIM_DMAConfig), (8 bytes).
    Removing stm32f10x_tim.o(i.TIM_ETRClockMode1Config), (18 bytes).
    Removing stm32f10x_tim.o(i.TIM_ETRClockMode2Config), (18 bytes).
    Removing stm32f10x_tim.o(i.TIM_ETRConfig), (18 bytes).
    Removing stm32f10x_tim.o(i.TIM_EncoderInterfaceConfig), (44 bytes).
    Removing stm32f10x_tim.o(i.TIM_ForcedOC1Config), (12 bytes).
    Removing stm32f10x_tim.o(i.TIM_ForcedOC2Config), (14 bytes).
    Removing stm32f10x_tim.o(i.TIM_ForcedOC3Config), (12 bytes).
    Removing stm32f10x_tim.o(i.TIM_ForcedOC4Config), (14 bytes).
    Removing stm32f10x_tim.o(i.TIM_GenerateEvent), (4 bytes).
    Removing stm32f10x_tim.o(i.TIM_GetCapture1), (4 bytes).
    Removing stm32f10x_tim.o(i.TIM_GetCapture2), (4 bytes).
    Removing stm32f10x_tim.o(i.TIM_GetCapture3), (4 bytes).
    Removing stm32f10x_tim.o(i.TIM_GetCapture4), (6 bytes).
    Removing stm32f10x_tim.o(i.TIM_GetCounter), (4 bytes).
    Removing stm32f10x_tim.o(i.TIM_GetFlagStatus), (14 bytes).
    Removing stm32f10x_tim.o(i.TIM_GetPrescaler), (4 bytes).
    Removing stm32f10x_tim.o(i.TIM_ICInit), (160 bytes).
    Removing stm32f10x_tim.o(i.TIM_ICStructInit), (16 bytes).
    Removing stm32f10x_tim.o(i.TIM_ITRxExternalClockConfig), (20 bytes).
    Removing stm32f10x_tim.o(i.TIM_InternalClockConfig), (10 bytes).
    Removing stm32f10x_tim.o(i.TIM_OC1FastConfig), (12 bytes).
    Removing stm32f10x_tim.o(i.TIM_OC1Init), (128 bytes).
    Removing stm32f10x_tim.o(i.TIM_OC1NPolarityConfig), (12 bytes).
    Removing stm32f10x_tim.o(i.TIM_OC1PolarityConfig), (12 bytes).
    Removing stm32f10x_tim.o(i.TIM_OC1PreloadConfig), (12 bytes).
    Removing stm32f10x_tim.o(i.TIM_OC2FastConfig), (14 bytes).
    Removing stm32f10x_tim.o(i.TIM_OC2Init), (124 bytes).
    Removing stm32f10x_tim.o(i.TIM_OC2NPolarityConfig), (14 bytes).
    Removing stm32f10x_tim.o(i.TIM_OC2PolarityConfig), (14 bytes).
    Removing stm32f10x_tim.o(i.TIM_OC2PreloadConfig), (14 bytes).
    Removing stm32f10x_tim.o(i.TIM_OC3FastConfig), (12 bytes).
    Removing stm32f10x_tim.o(i.TIM_OC3Init), (120 bytes).
    Removing stm32f10x_tim.o(i.TIM_OC3NPolarityConfig), (14 bytes).
    Removing stm32f10x_tim.o(i.TIM_OC3PolarityConfig), (14 bytes).
    Removing stm32f10x_tim.o(i.TIM_OC3PreloadConfig), (12 bytes).
    Removing stm32f10x_tim.o(i.TIM_OC4FastConfig), (14 bytes).
    Removing stm32f10x_tim.o(i.TIM_OC4Init), (96 bytes).
    Removing stm32f10x_tim.o(i.TIM_OC4PolarityConfig), (14 bytes).
    Removing stm32f10x_tim.o(i.TIM_OC4PreloadConfig), (14 bytes).
    Removing stm32f10x_tim.o(i.TIM_OCStructInit), (20 bytes).
    Removing stm32f10x_tim.o(i.TIM_PWMIConfig), (108 bytes).
    Removing stm32f10x_tim.o(i.TIM_PrescalerConfig), (6 bytes).
    Removing stm32f10x_tim.o(i.TIM_SelectCCDMA), (20 bytes).
    Removing stm32f10x_tim.o(i.TIM_SelectCOM), (20 bytes).
    Removing stm32f10x_tim.o(i.TIM_SelectHallSensor), (20 bytes).
    Removing stm32f10x_tim.o(i.TIM_SelectInputTrigger), (12 bytes).
    Removing stm32f10x_tim.o(i.TIM_SelectMasterSlaveMode), (16 bytes).
    Removing stm32f10x_tim.o(i.TIM_SelectOCxM), (66 bytes).
    Removing stm32f10x_tim.o(i.TIM_SelectOnePulseMode), (16 bytes).
    Removing stm32f10x_tim.o(i.TIM_SelectOutputTrigger), (16 bytes).
    Removing stm32f10x_tim.o(i.TIM_SelectSlaveMode), (16 bytes).
    Removing stm32f10x_tim.o(i.TIM_SetAutoreload), (4 bytes).
    Removing stm32f10x_tim.o(i.TIM_SetClockDivision), (16 bytes).
    Removing stm32f10x_tim.o(i.TIM_SetCompare1), (4 bytes).
    Removing stm32f10x_tim.o(i.TIM_SetCompare2), (4 bytes).
    Removing stm32f10x_tim.o(i.TIM_SetCompare3), (4 bytes).
    Removing stm32f10x_tim.o(i.TIM_SetCompare4), (6 bytes).
    Removing stm32f10x_tim.o(i.TIM_SetCounter), (4 bytes).
    Removing stm32f10x_tim.o(i.TIM_SetIC1Prescaler), (16 bytes).
    Removing stm32f10x_tim.o(i.TIM_SetIC2Prescaler), (18 bytes).
    Removing stm32f10x_tim.o(i.TIM_SetIC3Prescaler), (16 bytes).
    Removing stm32f10x_tim.o(i.TIM_SetIC4Prescaler), (18 bytes).
    Removing stm32f10x_tim.o(i.TIM_TIxExternalClockConfig), (46 bytes).
    Removing stm32f10x_tim.o(i.TIM_TimeBaseStructInit), (18 bytes).
    Removing stm32f10x_tim.o(i.TIM_UpdateDisableConfig), (20 bytes).
    Removing stm32f10x_tim.o(i.TIM_UpdateRequestConfig), (20 bytes).
    Removing core_cm3.o(.emb_text), (32 bytes).
    Removing system_stm32f10x.o(i.SystemCoreClockUpdate), (100 bytes).
    Removing system_stm32f10x.o(.data), (20 bytes).
    Removing stm32_eval.o(i.LM75_LowLevel_DeInit), (88 bytes).
    Removing stm32_eval.o(i.LM75_LowLevel_Init), (88 bytes).
    Removing stm32_eval.o(i.SD_LowLevel_DeInit), (120 bytes).
    Removing stm32_eval.o(i.SD_LowLevel_Init), (204 bytes).
    Removing stm32_eval.o(i.STM_EVAL_COMInit), (172 bytes).
    Removing stm32_eval.o(i.STM_EVAL_LEDInit), (64 bytes).
    Removing stm32_eval.o(i.STM_EVAL_LEDOff), (24 bytes).
    Removing stm32_eval.o(i.STM_EVAL_LEDOn), (24 bytes).
    Removing stm32_eval.o(i.STM_EVAL_LEDToggle), (28 bytes).
    Removing stm32_eval.o(i.STM_EVAL_PBGetState), (24 bytes).
    Removing stm32_eval.o(i.STM_EVAL_PBInit), (164 bytes).
    Removing stm32_eval.o(i.sFLASH_LowLevel_DeInit), (104 bytes).
    Removing stm32_eval.o(i.sFLASH_LowLevel_Init), (104 bytes).
    Removing stm32_eval.o(.constdata), (164 bytes).
    Removing stm32_eval.o(.data), (68 bytes).
    Removing stm3210e_eval_lcd.o(i.LCD_Clear), (38 bytes).
    Removing stm3210e_eval_lcd.o(i.LCD_ClearLine), (48 bytes).
    Removing stm3210e_eval_lcd.o(i.LCD_ClosedPolyLine), (34 bytes).
    Removing stm3210e_eval_lcd.o(i.LCD_ClosedPolyLineRelative), (6 bytes).
    Removing stm3210e_eval_lcd.o(i.LCD_CtrlLinesConfig), (112 bytes).
    Removing stm3210e_eval_lcd.o(i.LCD_DeInit), (108 bytes).
    Removing stm3210e_eval_lcd.o(i.LCD_DisplayChar), (32 bytes).
    Removing stm3210e_eval_lcd.o(i.LCD_DisplayOff), (14 bytes).
    Removing stm3210e_eval_lcd.o(i.LCD_DisplayOn), (16 bytes).
    Removing stm3210e_eval_lcd.o(i.LCD_DisplayStringLine), (56 bytes).
    Removing stm3210e_eval_lcd.o(i.LCD_DrawChar), (128 bytes).
    Removing stm3210e_eval_lcd.o(i.LCD_DrawCircle), (264 bytes).
    Removing stm3210e_eval_lcd.o(i.LCD_DrawFullCircle), (176 bytes).
    Removing stm3210e_eval_lcd.o(i.LCD_DrawFullRect), (136 bytes).
    Removing stm3210e_eval_lcd.o(i.LCD_DrawLine), (92 bytes).
    Removing stm3210e_eval_lcd.o(i.LCD_DrawMonoPict), (76 bytes).
    Removing stm3210e_eval_lcd.o(i.LCD_DrawRect), (64 bytes).
    Removing stm3210e_eval_lcd.o(i.LCD_DrawUniLine), (184 bytes).
    Removing stm3210e_eval_lcd.o(i.LCD_FSMCConfig), (78 bytes).
    Removing stm3210e_eval_lcd.o(i.LCD_FillPolyLine), (428 bytes).
    Removing stm3210e_eval_lcd.o(i.LCD_GetColors), (16 bytes).
    Removing stm3210e_eval_lcd.o(i.LCD_GetFont), (12 bytes).
    Removing stm3210e_eval_lcd.o(i.LCD_PolyLine), (40 bytes).
    Removing stm3210e_eval_lcd.o(i.LCD_PolyLineRelative), (6 bytes).
    Removing stm3210e_eval_lcd.o(i.LCD_PolyLineRelativeClosed), (98 bytes).
    Removing stm3210e_eval_lcd.o(i.LCD_PowerOn), (116 bytes).
    Removing stm3210e_eval_lcd.o(i.LCD_ReadRAM), (12 bytes).
    Removing stm3210e_eval_lcd.o(i.LCD_ReadReg), (10 bytes).
    Removing stm3210e_eval_lcd.o(i.LCD_SetBackColor), (12 bytes).
    Removing stm3210e_eval_lcd.o(i.LCD_SetColors), (12 bytes).
    Removing stm3210e_eval_lcd.o(i.LCD_SetCursor), (18 bytes).
    Removing stm3210e_eval_lcd.o(i.LCD_SetDisplayWindow), (66 bytes).
    Removing stm3210e_eval_lcd.o(i.LCD_SetFont), (12 bytes).
    Removing stm3210e_eval_lcd.o(i.LCD_SetTextColor), (12 bytes).
    Removing stm3210e_eval_lcd.o(i.LCD_WindowModeDisable), (32 bytes).
    Removing stm3210e_eval_lcd.o(i.LCD_WriteBMP), (70 bytes).
    Removing stm3210e_eval_lcd.o(i.LCD_WriteRAM), (8 bytes).
    Removing stm3210e_eval_lcd.o(i.LCD_WriteRAM_Prepare), (10 bytes).
    Removing stm3210e_eval_lcd.o(i.LCD_WriteReg), (10 bytes).
    Removing stm3210e_eval_lcd.o(i.PutPixel), (28 bytes).
    Removing stm3210e_eval_lcd.o(i.STM3210E_LCD_Init), (1020 bytes).
    Removing stm3210e_eval_lcd.o(i.delay), (20 bytes).
    Removing stm3210e_eval_lcd.o(.constdata), (4560 bytes).
    Removing stm3210e_eval_lcd.o(.constdata), (2304 bytes).
    Removing stm3210e_eval_lcd.o(.constdata), (2304 bytes).
    Removing stm3210e_eval_lcd.o(.constdata), (1536 bytes).
    Removing stm3210e_eval_lcd.o(.data), (16 bytes).
    Removing stm3210e_eval_lcd.o(.data), (8 bytes).
    Removing stm3210e_eval_lcd.o(.data), (8 bytes).
    Removing stm3210e_eval_lcd.o(.data), (8 bytes).
    Removing startup_stm32f10x_hd.o(HEAP), (512 bytes).
    Removing dflti.o(.text), (34 bytes).
    Removing dfltui.o(.text), (26 bytes).
    Removing cdcmple.o(.text), (40 bytes).
    Removing cdrcmple.o(.text), (40 bytes).
    Removing depilogue.o(.text), (194 bytes).
    Removing dadd.o(.text), (330 bytes).
    Removing dmul.o(.text), (226 bytes).
    Removing ddiv.o(.text), (222 bytes).
    Removing dfixul.o(.text), (48 bytes).

435 unused section(s) (total 32406 bytes) removed from the image.

==============================================================================

Image Symbol Table

    Local Symbols

    Symbol Name                              Value     Ov Type        Size  Object(Section)

    ../../microlib/ctype/ctype.c             0x00000000   Number         0  isxdigit_o.o ABSOLUTE
    ../../microlib/ctype/ctype.c             0x00000000   Number         0  isupper_o.o ABSOLUTE
    ../../microlib/ctype/ctype.c             0x00000000   Number         0  isdigit_o.o ABSOLUTE
    ../../microlib/ctype/ctype.c             0x00000000   Number         0  ctype_o.o ABSOLUTE
    ../../microlib/ctype/ctype.c             0x00000000   Number         0  isalnum_o.o ABSOLUTE
    ../../microlib/ctype/ctype.c             0x00000000   Number         0  isalpha_o.o ABSOLUTE
    ../../microlib/ctype/ctype.c             0x00000000   Number         0  isblank_o.o ABSOLUTE
    ../../microlib/ctype/ctype.c             0x00000000   Number         0  iscntrl_o.o ABSOLUTE
    ../../microlib/ctype/ctype.c             0x00000000   Number         0  isgraph_o.o ABSOLUTE
    ../../microlib/ctype/ctype.c             0x00000000   Number         0  islower_o.o ABSOLUTE
    ../../microlib/ctype/ctype.c             0x00000000   Number         0  isprint_o.o ABSOLUTE
    ../../microlib/ctype/ctype.c             0x00000000   Number         0  ispunct_o.o ABSOLUTE
    ../../microlib/ctype/ctype.c             0x00000000   Number         0  isspace_o.o ABSOLUTE
    ../../microlib/division.c                0x00000000   Number         0  uidiv.o ABSOLUTE
    ../../microlib/division.c                0x00000000   Number         0  uldiv.o ABSOLUTE
    ../../microlib/errno.c                   0x00000000   Number         0  errno.o ABSOLUTE
    ../../microlib/fpadd.c                   0x00000000   Number         0  dadd.o ABSOLUTE
    ../../microlib/fpdiv.c                   0x00000000   Number         0  ddiv.o ABSOLUTE
    ../../microlib/fpepilogue.c              0x00000000   Number         0  depilogue.o ABSOLUTE
    ../../microlib/fpfix.c                   0x00000000   Number         0  dfixul.o ABSOLUTE
    ../../microlib/fpflt.c                   0x00000000   Number         0  dfltui.o ABSOLUTE
    ../../microlib/fpflt.c                   0x00000000   Number         0  dflti.o ABSOLUTE
    ../../microlib/fpmul.c                   0x00000000   Number         0  dmul.o ABSOLUTE
    ../../microlib/init/entry.s              0x00000000   Number         0  entry7.o ABSOLUTE
    ../../microlib/init/entry.s              0x00000000   Number         0  entry5.o ABSOLUTE
    ../../microlib/init/entry.s              0x00000000   Number         0  entry2.o ABSOLUTE
    ../../microlib/init/entry.s              0x00000000   Number         0  entry.o ABSOLUTE
    ../../microlib/longlong.c                0x00000000   Number         0  llsshr.o ABSOLUTE
    ../../microlib/longlong.c                0x00000000   Number         0  llushr.o ABSOLUTE
    ../../microlib/longlong.c                0x00000000   Number         0  llshl.o ABSOLUTE
    ../../microlib/printf/printf.c           0x00000000   Number         0  printf1.o ABSOLUTE
    ../../microlib/printf/printf.c           0x00000000   Number         0  printf2.o ABSOLUTE
    ../../microlib/printf/printf.c           0x00000000   Number         0  printf3.o ABSOLUTE
    ../../microlib/printf/printf.c           0x00000000   Number         0  printf4.o ABSOLUTE
    ../../microlib/printf/printf.c           0x00000000   Number         0  printf5.o ABSOLUTE
    ../../microlib/printf/printf.c           0x00000000   Number         0  printf8.o ABSOLUTE
    ../../microlib/printf/printf.c           0x00000000   Number         0  printf0.o ABSOLUTE
    ../../microlib/printf/printf.c           0x00000000   Number         0  printfa.o ABSOLUTE
    ../../microlib/printf/printf.c           0x00000000   Number         0  printf7.o ABSOLUTE
    ../../microlib/printf/printf.c           0x00000000   Number         0  printf6.o ABSOLUTE
    ../../microlib/printf/printf.c           0x00000000   Number         0  printfb.o ABSOLUTE
    ../../microlib/printf/stubs.s            0x00000000   Number         0  stubs.o ABSOLUTE
    ../../microlib/stdio/streams.c           0x00000000   Number         0  stdout.o ABSOLUTE
    ../../microlib/string/memset.c           0x00000000   Number         0  memseta.o ABSOLUTE
    ../../microlib/string/strlen.c           0x00000000   Number         0  strlen.o ABSOLUTE
    ../../microlib/string/strncpy.c          0x00000000   Number         0  strncpy.o ABSOLUTE
    ../../microlib/string/strstr.c           0x00000000   Number         0  strstr.o ABSOLUTE
    ../../microlib/stubs.s                   0x00000000   Number         0  iusefp.o ABSOLUTE
    ../../scanf.c                            0x00000000   Number         0  atoi.o ABSOLUTE
    ../../scanf.c                            0x00000000   Number         0  strtol.o ABSOLUTE
    ../../scanf.c                            0x00000000   Number         0  _chval.o ABSOLUTE
    ../../scanf.c                            0x00000000   Number         0  _strtoul.o ABSOLUTE
    ..\..\..\Libraries\CMSIS\CM3\CoreSupport\core_cm3.c 0x00000000   Number         0  core_cm3.o ABSOLUTE
    ..\..\..\Libraries\CMSIS\CM3\DeviceSupport\ST\STM32F10x\startup\arm\startup_stm32f10x_hd.s 0x00000000   Number         0  startup_stm32f10x_hd.o ABSOLUTE
    ..\..\..\Libraries\CMSIS\CM3\DeviceSupport\ST\STM32F10x\system_stm32f10x.c 0x00000000   Number         0  system_stm32f10x.o ABSOLUTE
    ..\..\..\Libraries\STM32F10x_StdPeriph_Driver\src\misc.c 0x00000000   Number         0  misc.o ABSOLUTE
    ..\..\..\Libraries\STM32F10x_StdPeriph_Driver\src\stm32f10x_dma.c 0x00000000   Number         0  stm32f10x_dma.o ABSOLUTE
    ..\..\..\Libraries\STM32F10x_StdPeriph_Driver\src\stm32f10x_exti.c 0x00000000   Number         0  stm32f10x_exti.o ABSOLUTE
    ..\..\..\Libraries\STM32F10x_StdPeriph_Driver\src\stm32f10x_flash.c 0x00000000   Number         0  stm32f10x_flash.o ABSOLUTE
    ..\..\..\Libraries\STM32F10x_StdPeriph_Driver\src\stm32f10x_fsmc.c 0x00000000   Number         0  stm32f10x_fsmc.o ABSOLUTE
    ..\..\..\Libraries\STM32F10x_StdPeriph_Driver\src\stm32f10x_gpio.c 0x00000000   Number         0  stm32f10x_gpio.o ABSOLUTE
    ..\..\..\Libraries\STM32F10x_StdPeriph_Driver\src\stm32f10x_i2c.c 0x00000000   Number         0  stm32f10x_i2c.o ABSOLUTE
    ..\..\..\Libraries\STM32F10x_StdPeriph_Driver\src\stm32f10x_iwdg.c 0x00000000   Number         0  stm32f10x_iwdg.o ABSOLUTE
    ..\..\..\Libraries\STM32F10x_StdPeriph_Driver\src\stm32f10x_rcc.c 0x00000000   Number         0  stm32f10x_rcc.o ABSOLUTE
    ..\..\..\Libraries\STM32F10x_StdPeriph_Driver\src\stm32f10x_sdio.c 0x00000000   Number         0  stm32f10x_sdio.o ABSOLUTE
    ..\..\..\Libraries\STM32F10x_StdPeriph_Driver\src\stm32f10x_spi.c 0x00000000   Number         0  stm32f10x_spi.o ABSOLUTE
    ..\..\..\Libraries\STM32F10x_StdPeriph_Driver\src\stm32f10x_tim.c 0x00000000   Number         0  stm32f10x_tim.o ABSOLUTE
    ..\..\..\Libraries\STM32F10x_StdPeriph_Driver\src\stm32f10x_usart.c 0x00000000   Number         0  stm32f10x_usart.o ABSOLUTE
    ..\..\..\Utilities\STM32_EVAL\STM3210E_EVAL\stm3210e_eval_lcd.c 0x00000000   Number         0  stm3210e_eval_lcd.o ABSOLUTE
    ..\..\..\Utilities\STM32_EVAL\stm32_eval.c 0x00000000   Number         0  stm32_eval.o ABSOLUTE
    ..\CHIPSET\chipset.c                     0x00000000   Number         0  chipset.o ABSOLUTE
    ..\GPRS\gprs.c                           0x00000000   Number         0  gprs.o ABSOLUTE
    ..\TIMERS\times.c                        0x00000000   Number         0  times.o ABSOLUTE
    ..\USART\usart.c                         0x00000000   Number         0  usart.o ABSOLUTE
    ..\\..\\..\\Libraries\\CMSIS\\CM3\\CoreSupport\\core_cm3.c 0x00000000   Number         0  core_cm3.o ABSOLUTE
    ..\main.c                                0x00000000   Number         0  main.o ABSOLUTE
    ..\stm32f10x_it.c                        0x00000000   Number         0  stm32f10x_it.o ABSOLUTE
    cdcmple.s                                0x00000000   Number         0  cdcmple.o ABSOLUTE
    cdrcmple.s                               0x00000000   Number         0  cdrcmple.o ABSOLUTE
    dc.s                                     0x00000000   Number         0  dc.o ABSOLUTE
    handlers.s                               0x00000000   Number         0  handlers.o ABSOLUTE
    init.s                                   0x00000000   Number         0  init.o ABSOLUTE
    RESET                                    0x08000000   Section      304  startup_stm32f10x_hd.o(RESET)
    .ARM.Collect$$$$00000000                 0x08000130   Section        0  entry.o(.ARM.Collect$$$$00000000)
    .ARM.Collect$$$$00000001                 0x08000130   Section        4  entry2.o(.ARM.Collect$$$$00000001)
    .ARM.Collect$$$$00000004                 0x08000134   Section        4  entry5.o(.ARM.Collect$$$$00000004)
    .ARM.Collect$$$$00000007                 0x08000138   Section        8  entry7.o(.ARM.Collect$$$$00000007)
    .ARM.Collect$$$$00002712                 0x08000140   Section        4  entry2.o(.ARM.Collect$$$$00002712)
    __lit__00000000                          0x08000140   Data           4  entry2.o(.ARM.Collect$$$$00002712)
    .text                                    0x08000144   Section       36  startup_stm32f10x_hd.o(.text)
    .text                                    0x08000168   Section        0  memseta.o(.text)
    .text                                    0x0800018e   Section        0  strstr.o(.text)
    .text                                    0x080001ba   Section        0  strlen.o(.text)
    .text                                    0x080001ca   Section        0  uidiv.o(.text)
    .text                                    0x080001f8   Section       36  init.o(.text)
    i.BusFault_Handler                       0x0800021c   Section        0  stm32f10x_it.o(i.BusFault_Handler)
    i.DebugMon_Handler                       0x0800021e   Section        0  stm32f10x_it.o(i.DebugMon_Handler)
    i.FLASH_PrefetchBufferCmd                0x08000220   Section        0  stm32f10x_flash.o(i.FLASH_PrefetchBufferCmd)
    i.FLASH_SetLatency                       0x08000238   Section        0  stm32f10x_flash.o(i.FLASH_SetLatency)
    i.GPIO_Configuration                     0x0800024c   Section        0  chipset.o(i.GPIO_Configuration)
    i.GPIO_Init                              0x0800030c   Section        0  stm32f10x_gpio.o(i.GPIO_Init)
    i.GPIO_PinRemapConfig                    0x080003b0   Section        0  stm32f10x_gpio.o(i.GPIO_PinRemapConfig)
    i.HardFault_Handler                      0x08000408   Section        0  stm32f10x_it.o(i.HardFault_Handler)
    i.Init_TIM2                              0x0800040a   Section        0  chipset.o(i.Init_TIM2)
    i.MemManage_Handler                      0x08000452   Section        0  stm32f10x_it.o(i.MemManage_Handler)
    i.NMI_Handler                            0x08000454   Section        0  stm32f10x_it.o(i.NMI_Handler)
    i.NVIC_Configuration                     0x08000456   Section        0  chipset.o(i.NVIC_Configuration)
    i.NVIC_Init                              0x080004d6   Section        0  misc.o(i.NVIC_Init)
    i.NVIC_PriorityGroupConfig               0x08000534   Section        0  misc.o(i.NVIC_PriorityGroupConfig)
    i.NVIC_SetVectorTable                    0x08000548   Section        0  misc.o(i.NVIC_SetVectorTable)
    i.PendSV_Handler                         0x0800055c   Section        0  stm32f10x_it.o(i.PendSV_Handler)
    i.RCC_APB1PeriphClockCmd                 0x08000560   Section        0  stm32f10x_rcc.o(i.RCC_APB1PeriphClockCmd)
    i.RCC_APB1PeriphResetCmd                 0x08000578   Section        0  stm32f10x_rcc.o(i.RCC_APB1PeriphResetCmd)
    i.RCC_APB2PeriphClockCmd                 0x08000590   Section        0  stm32f10x_rcc.o(i.RCC_APB2PeriphClockCmd)
    i.RCC_APB2PeriphResetCmd                 0x080005a8   Section        0  stm32f10x_rcc.o(i.RCC_APB2PeriphResetCmd)
    i.RCC_Configuration                      0x080005c0   Section        0  chipset.o(i.RCC_Configuration)
    i.RCC_DeInit                             0x08000620   Section        0  stm32f10x_rcc.o(i.RCC_DeInit)
    i.RCC_GetClocksFreq                      0x08000660   Section        0  stm32f10x_rcc.o(i.RCC_GetClocksFreq)
    i.RCC_GetFlagStatus                      0x080006f8   Section        0  stm32f10x_rcc.o(i.RCC_GetFlagStatus)
    i.RCC_GetSYSCLKSource                    0x08000728   Section        0  stm32f10x_rcc.o(i.RCC_GetSYSCLKSource)
    i.RCC_HCLKConfig                         0x08000738   Section        0  stm32f10x_rcc.o(i.RCC_HCLKConfig)
    i.RCC_HSEConfig                          0x0800074c   Section        0  stm32f10x_rcc.o(i.RCC_HSEConfig)
    i.RCC_PCLK1Config                        0x08000780   Section        0  stm32f10x_rcc.o(i.RCC_PCLK1Config)
    i.RCC_PCLK2Config                        0x08000794   Section        0  stm32f10x_rcc.o(i.RCC_PCLK2Config)
    i.RCC_PLLCmd                             0x080007a8   Section        0  stm32f10x_rcc.o(i.RCC_PLLCmd)
    i.RCC_PLLConfig                          0x080007b4   Section        0  stm32f10x_rcc.o(i.RCC_PLLConfig)
    i.RCC_SYSCLKConfig                       0x080007c8   Section        0  stm32f10x_rcc.o(i.RCC_SYSCLKConfig)
    i.RCC_WaitForHSEStartUp                  0x080007dc   Section        0  stm32f10x_rcc.o(i.RCC_WaitForHSEStartUp)
    i.SVC_Handler                            0x08000802   Section        0  stm32f10x_it.o(i.SVC_Handler)
    i.S_CREG                                 0x08000804   Section        0  gprs.o(i.S_CREG)
    S_CREG                                   0x08000805   Thumb Code    82  gprs.o(i.S_CREG)
    i.S_ECHO0                                0x0800088c   Section        0  gprs.o(i.S_ECHO0)
    S_ECHO0                                  0x0800088d   Thumb Code    74  gprs.o(i.S_ECHO0)
    i.S_GSM_CHAR_MODE_RET_S                  0x08000910   Section        0  gprs.o(i.S_GSM_CHAR_MODE_RET_S)
    S_GSM_CHAR_MODE_RET_S                    0x08000911   Thumb Code    54  gprs.o(i.S_GSM_CHAR_MODE_RET_S)
    i.S_GSM_CHAR_MODE_S                      0x08000998   Section        0  gprs.o(i.S_GSM_CHAR_MODE_S)
    S_GSM_CHAR_MODE_S                        0x08000999   Thumb Code    56  gprs.o(i.S_GSM_CHAR_MODE_S)
    i.S_GSM_MSG_MODE_S                       0x08000a24   Section        0  gprs.o(i.S_GSM_MSG_MODE_S)
    S_GSM_MSG_MODE_S                         0x08000a25   Thumb Code    28  gprs.o(i.S_GSM_MSG_MODE_S)
    i.S_SIMCARD                              0x08000a68   Section        0  gprs.o(i.S_SIMCARD)
    S_SIMCARD                                0x08000a69   Thumb Code    72  gprs.o(i.S_SIMCARD)
    i.SetSysClockTo72                        0x08000af4   Section        0  system_stm32f10x.o(i.SetSysClockTo72)
    SetSysClockTo72                          0x08000af5   Thumb Code   136  system_stm32f10x.o(i.SetSysClockTo72)
    i.SysTick_Handler                        0x08000b84   Section        0  stm32f10x_it.o(i.SysTick_Handler)
    i.SystemInit                             0x08000b88   Section        0  system_stm32f10x.o(i.SystemInit)
    i.TIM2_IRQHandler                        0x08000bc8   Section        0  times.o(i.TIM2_IRQHandler)
    i.TIM_ClearFlag                          0x08000c18   Section        0  stm32f10x_tim.o(i.TIM_ClearFlag)
    i.TIM_ClearITPendingBit                  0x08000c1e   Section        0  stm32f10x_tim.o(i.TIM_ClearITPendingBit)
    i.TIM_Cmd                                0x08000c24   Section        0  stm32f10x_tim.o(i.TIM_Cmd)
    i.TIM_DeInit                             0x08000c38   Section        0  stm32f10x_tim.o(i.TIM_DeInit)
    i.TIM_GetITStatus                        0x08000da8   Section        0  stm32f10x_tim.o(i.TIM_GetITStatus)
    i.TIM_ITConfig                           0x08000dc0   Section        0  stm32f10x_tim.o(i.TIM_ITConfig)
    i.TIM_TimeBaseInit                       0x08000dd0   Section        0  stm32f10x_tim.o(i.TIM_TimeBaseInit)
    i.USART1_IRQHandler                      0x08000e6c   Section        0  usart.o(i.USART1_IRQHandler)
    i.USART2_IRQHandler                      0x08000ec0   Section        0  usart.o(i.USART2_IRQHandler)
    i.USART3_IRQHandler                      0x08000efc   Section        0  usart.o(i.USART3_IRQHandler)
    i.USART_ClearFlag                        0x08000f50   Section        0  stm32f10x_usart.o(i.USART_ClearFlag)
    i.USART_ClearITPendingBit                0x08000f56   Section        0  stm32f10x_usart.o(i.USART_ClearITPendingBit)
    i.USART_Cmd                              0x08000f62   Section        0  stm32f10x_usart.o(i.USART_Cmd)
    i.USART_Configuration                    0x08000f78   Section        0  chipset.o(i.USART_Configuration)
    i.USART_GetFlagStatus                    0x08001090   Section        0  stm32f10x_usart.o(i.USART_GetFlagStatus)
    i.USART_GetITStatus                      0x0800109e   Section        0  stm32f10x_usart.o(i.USART_GetITStatus)
    i.USART_ITConfig                         0x080010dc   Section        0  stm32f10x_usart.o(i.USART_ITConfig)
    i.USART_Init                             0x0800110c   Section        0  stm32f10x_usart.o(i.USART_Init)
    i.USART_ReceiveData                      0x080011c0   Section        0  stm32f10x_usart.o(i.USART_ReceiveData)
    i.USART_SendData                         0x080011c8   Section        0  stm32f10x_usart.o(i.USART_SendData)
    i.UsageFault_Handler                     0x080011d0   Section        0  stm32f10x_it.o(i.UsageFault_Handler)
    i.__0printf$3                            0x080011d4   Section        0  printf3.o(i.__0printf$3)
    i.__0sprintf$3                           0x080011f4   Section        0  printf3.o(i.__0sprintf$3)
    i.__scatterload_copy                     0x0800121c   Section       14  handlers.o(i.__scatterload_copy)
    i.__scatterload_null                     0x0800122a   Section        2  handlers.o(i.__scatterload_null)
    i.__scatterload_zeroinit                 0x0800122c   Section       14  handlers.o(i.__scatterload_zeroinit)
    i._printf_core                           0x0800123c   Section        0  printf3.o(i._printf_core)
    _printf_core                             0x0800123d   Thumb Code   430  printf3.o(i._printf_core)
    i._sputc                                 0x080013f0   Section        0  printf3.o(i._sputc)
    _sputc                                   0x080013f1   Thumb Code    10  printf3.o(i._sputc)
    i.clean_gps_flag                         0x080013fc   Section        0  usart.o(i.clean_gps_flag)
    i.clean_time2_flags                      0x0800140c   Section        0  times.o(i.clean_time2_flags)
    i.clean_tp_flag                          0x08001420   Section        0  usart.o(i.clean_tp_flag)
    i.clear_buf_uart3                        0x08001430   Section        0  usart.o(i.clear_buf_uart3)
    i.debug_put_word                         0x0800146c   Section        0  usart.o(i.debug_put_word)
    i.delay_GSM                              0x08001486   Section        0  times.o(i.delay_GSM)
    i.fputc                                  0x080014a0   Section        0  main.o(i.fputc)
    i.init_gprs_mode                         0x080014c4   Section        0  gprs.o(i.init_gprs_mode)
    i.init_sms_to_send                       0x08001588   Section        0  gprs.o(i.init_sms_to_send)
    init_sms_to_send                         0x08001589   Thumb Code    86  gprs.o(i.init_sms_to_send)
    i.is_gprs_mode_status_ok                 0x080015e8   Section        0  gprs.o(i.is_gprs_mode_status_ok)
    i.main                                   0x080015f4   Section        0  main.o(i.main)
    i.send_data_uart1                        0x08001704   Section        0  usart.o(i.send_data_uart1)
    i.send_data_uart2                        0x08001728   Section        0  usart.o(i.send_data_uart2)
    i.send_data_uart3                        0x0800174c   Section        0  usart.o(i.send_data_uart3)
    i.send_gsm_text                          0x08001770   Section        0  gprs.o(i.send_gsm_text)
    i.send_string_uart1                      0x08001818   Section        0  usart.o(i.send_string_uart1)
    i.send_string_uart3                      0x0800182c   Section        0  usart.o(i.send_string_uart3)
    i.stm32_Init                             0x08001840   Section        0  main.o(i.stm32_Init)
    i.usart1_receive_process_event           0x08001858   Section        0  usart.o(i.usart1_receive_process_event)
    i.usart3_receive_process_event           0x080018b0   Section        0  usart.o(i.usart3_receive_process_event)
    .data                                    0x20000000   Section        4  main.o(.data)
    .data                                    0x20000004   Section      219  gprs.o(.data)
    count                                    0x20000008   Data           4  gprs.o(.data)
    count                                    0x2000000c   Data           4  gprs.o(.data)
    count                                    0x20000010   Data           4  gprs.o(.data)
    .data                                    0x200000df   Section        9  usart.o(.data)
    .data                                    0x200000e8   Section       20  stm32f10x_rcc.o(.data)
    ADCPrescTable                            0x200000e8   Data           4  stm32f10x_rcc.o(.data)
    APBAHBPrescTable                         0x200000ec   Data          16  stm32f10x_rcc.o(.data)
    .data                                    0x200000fc   Section        4  stdout.o(.data)
    .bss                                     0x20000100   Section       16  times.o(.bss)
    .bss                                     0x20000110   Section      336  usart.o(.bss)
    STACK                                    0x20000260   Section     1024  startup_stm32f10x_hd.o(STACK)

    Global Symbols

    Symbol Name                              Value     Ov Type        Size  Object(Section)

    BuildAttributes$$THM_ISAv4$P$D$K$B$S$PE$A:L22UL41UL21$X:L11$S22US41US21$IEEE1$IW$USESV6$~STKCKD$USESV7$~SHL$OSPACE$ROPI$EBA8$MICROLIB$REQ8$PRES8$EABIv2 0x00000000   Number         0  anon$$obj.o ABSOLUTE
    __ARM_use_no_argv                        0x00000000   Number         0  main.o ABSOLUTE
    _printf_a                                0x00000000   Number         0  stubs.o ABSOLUTE
    _printf_c                                0x00000000   Number         0  stubs.o ABSOLUTE
    _printf_charcount                        0x00000000   Number         0  stubs.o ABSOLUTE
    _printf_d                                0x00000000   Number         0  stubs.o ABSOLUTE
    _printf_e                                0x00000000   Number         0  stubs.o ABSOLUTE
    _printf_f                                0x00000000   Number         0  stubs.o ABSOLUTE
    _printf_flags                            0x00000000   Number         0  stubs.o ABSOLUTE
    _printf_fp_dec                           0x00000000   Number         0  stubs.o ABSOLUTE
    _printf_fp_hex                           0x00000000   Number         0  stubs.o ABSOLUTE
    _printf_g                                0x00000000   Number         0  stubs.o ABSOLUTE
    _printf_i                                0x00000000   Number         0  stubs.o ABSOLUTE
    _printf_int_dec                          0x00000000   Number         0  stubs.o ABSOLUTE
    _printf_l                                0x00000000   Number         0  stubs.o ABSOLUTE
    _printf_lc                               0x00000000   Number         0  stubs.o ABSOLUTE
    _printf_ll                               0x00000000   Number         0  stubs.o ABSOLUTE
    _printf_lld                              0x00000000   Number         0  stubs.o ABSOLUTE
    _printf_lli                              0x00000000   Number         0  stubs.o ABSOLUTE
    _printf_llo                              0x00000000   Number         0  stubs.o ABSOLUTE
    _printf_llu                              0x00000000   Number         0  stubs.o ABSOLUTE
    _printf_llx                              0x00000000   Number         0  stubs.o ABSOLUTE
    _printf_longlong_dec                     0x00000000   Number         0  stubs.o ABSOLUTE
    _printf_longlong_hex                     0x00000000   Number         0  stubs.o ABSOLUTE
    _printf_longlong_oct                     0x00000000   Number         0  stubs.o ABSOLUTE
    _printf_ls                               0x00000000   Number         0  stubs.o ABSOLUTE
    _printf_mbtowc                           0x00000000   Number         0  stubs.o ABSOLUTE
    _printf_n                                0x00000000   Number         0  stubs.o ABSOLUTE
    _printf_o                                0x00000000   Number         0  stubs.o ABSOLUTE
    _printf_p                                0x00000000   Number         0  stubs.o ABSOLUTE
    _printf_percent                          0x00000000   Number         0  stubs.o ABSOLUTE
    _printf_pre_padding                      0x00000000   Number         0  stubs.o ABSOLUTE
    _printf_return_value                     0x00000000   Number         0  stubs.o ABSOLUTE
    _printf_s                                0x00000000   Number         0  stubs.o ABSOLUTE
    _printf_sizespec                         0x00000000   Number         0  stubs.o ABSOLUTE
    _printf_str                              0x00000000   Number         0  stubs.o ABSOLUTE
    _printf_truncate_signed                  0x00000000   Number         0  stubs.o ABSOLUTE
    _printf_truncate_unsigned                0x00000000   Number         0  stubs.o ABSOLUTE
    _printf_u                                0x00000000   Number         0  stubs.o ABSOLUTE
    _printf_wc                               0x00000000   Number         0  stubs.o ABSOLUTE
    _printf_wctomb                           0x00000000   Number         0  stubs.o ABSOLUTE
    _printf_widthprec                        0x00000000   Number         0  stubs.o ABSOLUTE
    _printf_x                                0x00000000   Number         0  stubs.o ABSOLUTE
    __decompress                              - Undefined Weak Reference
    __Vectors_Size                           0x00000130   Number         0  startup_stm32f10x_hd.o ABSOLUTE
    __Vectors                                0x08000000   Data           4  startup_stm32f10x_hd.o(RESET)
    __Vectors_End                            0x08000130   Data           0  startup_stm32f10x_hd.o(RESET)
    __main                                   0x08000131   Thumb Code     0  entry.o(.ARM.Collect$$$$00000000)
    _main_stk                                0x08000131   Thumb Code     0  entry2.o(.ARM.Collect$$$$00000001)
    _main_scatterload                        0x08000135   Thumb Code     0  entry5.o(.ARM.Collect$$$$00000004)
    __main_after_scatterload                 0x08000139   Thumb Code     0  entry5.o(.ARM.Collect$$$$00000004)
    _main_init                               0x08000139   Thumb Code     0  entry7.o(.ARM.Collect$$$$00000007)
    Reset_Handler                            0x08000145   Thumb Code     8  startup_stm32f10x_hd.o(.text)
    ADC1_2_IRQHandler                        0x0800015f   Thumb Code     0  startup_stm32f10x_hd.o(.text)
    ADC3_IRQHandler                          0x0800015f   Thumb Code     0  startup_stm32f10x_hd.o(.text)
    CAN1_RX1_IRQHandler                      0x0800015f   Thumb Code     0  startup_stm32f10x_hd.o(.text)
    CAN1_SCE_IRQHandler                      0x0800015f   Thumb Code     0  startup_stm32f10x_hd.o(.text)
    DMA1_Channel1_IRQHandler                 0x0800015f   Thumb Code     0  startup_stm32f10x_hd.o(.text)
    DMA1_Channel2_IRQHandler                 0x0800015f   Thumb Code     0  startup_stm32f10x_hd.o(.text)
    DMA1_Channel3_IRQHandler                 0x0800015f   Thumb Code     0  startup_stm32f10x_hd.o(.text)
    DMA1_Channel4_IRQHandler                 0x0800015f   Thumb Code     0  startup_stm32f10x_hd.o(.text)
    DMA1_Channel5_IRQHandler                 0x0800015f   Thumb Code     0  startup_stm32f10x_hd.o(.text)
    DMA1_Channel6_IRQHandler                 0x0800015f   Thumb Code     0  startup_stm32f10x_hd.o(.text)
    DMA1_Channel7_IRQHandler                 0x0800015f   Thumb Code     0  startup_stm32f10x_hd.o(.text)
    DMA2_Channel1_IRQHandler                 0x0800015f   Thumb Code     0  startup_stm32f10x_hd.o(.text)
    DMA2_Channel2_IRQHandler                 0x0800015f   Thumb Code     0  startup_stm32f10x_hd.o(.text)
    DMA2_Channel3_IRQHandler                 0x0800015f   Thumb Code     0  startup_stm32f10x_hd.o(.text)
    DMA2_Channel4_5_IRQHandler               0x0800015f   Thumb Code     0  startup_stm32f10x_hd.o(.text)
    EXTI0_IRQHandler                         0x0800015f   Thumb Code     0  startup_stm32f10x_hd.o(.text)
    EXTI15_10_IRQHandler                     0x0800015f   Thumb Code     0  startup_stm32f10x_hd.o(.text)
    EXTI1_IRQHandler                         0x0800015f   Thumb Code     0  startup_stm32f10x_hd.o(.text)
    EXTI2_IRQHandler                         0x0800015f   Thumb Code     0  startup_stm32f10x_hd.o(.text)
    EXTI3_IRQHandler                         0x0800015f   Thumb Code     0  startup_stm32f10x_hd.o(.text)
    EXTI4_IRQHandler                         0x0800015f   Thumb Code     0  startup_stm32f10x_hd.o(.text)
    EXTI9_5_IRQHandler                       0x0800015f   Thumb Code     0  startup_stm32f10x_hd.o(.text)
    FLASH_IRQHandler                         0x0800015f   Thumb Code     0  startup_stm32f10x_hd.o(.text)
    FSMC_IRQHandler                          0x0800015f   Thumb Code     0  startup_stm32f10x_hd.o(.text)
    I2C1_ER_IRQHandler                       0x0800015f   Thumb Code     0  startup_stm32f10x_hd.o(.text)
    I2C1_EV_IRQHandler                       0x0800015f   Thumb Code     0  startup_stm32f10x_hd.o(.text)
    I2C2_ER_IRQHandler                       0x0800015f   Thumb Code     0  startup_stm32f10x_hd.o(.text)
    I2C2_EV_IRQHandler                       0x0800015f   Thumb Code     0  startup_stm32f10x_hd.o(.text)
    PVD_IRQHandler                           0x0800015f   Thumb Code     0  startup_stm32f10x_hd.o(.text)
    RCC_IRQHandler                           0x0800015f   Thumb Code     0  startup_stm32f10x_hd.o(.text)
    RTCAlarm_IRQHandler                      0x0800015f   Thumb Code     0  startup_stm32f10x_hd.o(.text)
    RTC_IRQHandler                           0x0800015f   Thumb Code     0  startup_stm32f10x_hd.o(.text)
    SDIO_IRQHandler                          0x0800015f   Thumb Code     0  startup_stm32f10x_hd.o(.text)
    SPI1_IRQHandler                          0x0800015f   Thumb Code     0  startup_stm32f10x_hd.o(.text)
    SPI2_IRQHandler                          0x0800015f   Thumb Code     0  startup_stm32f10x_hd.o(.text)
    SPI3_IRQHandler                          0x0800015f   Thumb Code     0  startup_stm32f10x_hd.o(.text)
    TAMPER_IRQHandler                        0x0800015f   Thumb Code     0  startup_stm32f10x_hd.o(.text)
    TIM1_BRK_IRQHandler                      0x0800015f   Thumb Code     0  startup_stm32f10x_hd.o(.text)
    TIM1_CC_IRQHandler                       0x0800015f   Thumb Code     0  startup_stm32f10x_hd.o(.text)
    TIM1_TRG_COM_IRQHandler                  0x0800015f   Thumb Code     0  startup_stm32f10x_hd.o(.text)
    TIM1_UP_IRQHandler                       0x0800015f   Thumb Code     0  startup_stm32f10x_hd.o(.text)
    TIM3_IRQHandler                          0x0800015f   Thumb Code     0  startup_stm32f10x_hd.o(.text)
    TIM4_IRQHandler                          0x0800015f   Thumb Code     0  startup_stm32f10x_hd.o(.text)
    TIM5_IRQHandler                          0x0800015f   Thumb Code     0  startup_stm32f10x_hd.o(.text)
    TIM6_IRQHandler                          0x0800015f   Thumb Code     0  startup_stm32f10x_hd.o(.text)
    TIM7_IRQHandler                          0x0800015f   Thumb Code     0  startup_stm32f10x_hd.o(.text)
    TIM8_BRK_IRQHandler                      0x0800015f   Thumb Code     0  startup_stm32f10x_hd.o(.text)
    TIM8_CC_IRQHandler                       0x0800015f   Thumb Code     0  startup_stm32f10x_hd.o(.text)
    TIM8_TRG_COM_IRQHandler                  0x0800015f   Thumb Code     0  startup_stm32f10x_hd.o(.text)
    TIM8_UP_IRQHandler                       0x0800015f   Thumb Code     0  startup_stm32f10x_hd.o(.text)
    UART4_IRQHandler                         0x0800015f   Thumb Code     0  startup_stm32f10x_hd.o(.text)
    UART5_IRQHandler                         0x0800015f   Thumb Code     0  startup_stm32f10x_hd.o(.text)
    USBWakeUp_IRQHandler                     0x0800015f   Thumb Code     0  startup_stm32f10x_hd.o(.text)
    USB_HP_CAN1_TX_IRQHandler                0x0800015f   Thumb Code     0  startup_stm32f10x_hd.o(.text)
    USB_LP_CAN1_RX0_IRQHandler               0x0800015f   Thumb Code     0  startup_stm32f10x_hd.o(.text)
    WWDG_IRQHandler                          0x0800015f   Thumb Code     0  startup_stm32f10x_hd.o(.text)
    __aeabi_memset                           0x08000169   Thumb Code    14  memseta.o(.text)
    __aeabi_memset4                          0x08000169   Thumb Code     0  memseta.o(.text)
    __aeabi_memset8                          0x08000169   Thumb Code     0  memseta.o(.text)
    __aeabi_memclr                           0x08000177   Thumb Code     4  memseta.o(.text)
    __aeabi_memclr4                          0x08000177   Thumb Code     0  memseta.o(.text)
    __aeabi_memclr8                          0x08000177   Thumb Code     0  memseta.o(.text)
    _memset$wrapper                          0x0800017b   Thumb Code    20  memseta.o(.text)
    strstr                                   0x0800018f   Thumb Code    44  strstr.o(.text)
    strlen                                   0x080001bb   Thumb Code    16  strlen.o(.text)
    __aeabi_uidiv                            0x080001cb   Thumb Code     0  uidiv.o(.text)
    __aeabi_uidivmod                         0x080001cb   Thumb Code    44  uidiv.o(.text)
    __scatterload                            0x080001f9   Thumb Code    28  init.o(.text)
    __scatterload_rt2                        0x080001f9   Thumb Code     0  init.o(.text)
    BusFault_Handler                         0x0800021d   Thumb Code     2  stm32f10x_it.o(i.BusFault_Handler)
    DebugMon_Handler                         0x0800021f   Thumb Code     2  stm32f10x_it.o(i.DebugMon_Handler)
    FLASH_PrefetchBufferCmd                  0x08000221   Thumb Code    18  stm32f10x_flash.o(i.FLASH_PrefetchBufferCmd)
    FLASH_SetLatency                         0x08000239   Thumb Code    14  stm32f10x_flash.o(i.FLASH_SetLatency)
    GPIO_Configuration                       0x0800024d   Thumb Code   168  chipset.o(i.GPIO_Configuration)
    GPIO_Init                                0x0800030d   Thumb Code   164  stm32f10x_gpio.o(i.GPIO_Init)
    GPIO_PinRemapConfig                      0x080003b1   Thumb Code    82  stm32f10x_gpio.o(i.GPIO_PinRemapConfig)
    HardFault_Handler                        0x08000409   Thumb Code     2  stm32f10x_it.o(i.HardFault_Handler)
    Init_TIM2                                0x0800040b   Thumb Code    72  chipset.o(i.Init_TIM2)
    MemManage_Handler                        0x08000453   Thumb Code     2  stm32f10x_it.o(i.MemManage_Handler)
    NMI_Handler                              0x08000455   Thumb Code     2  stm32f10x_it.o(i.NMI_Handler)
    NVIC_Configuration                       0x08000457   Thumb Code   128  chipset.o(i.NVIC_Configuration)
    NVIC_Init                                0x080004d7   Thumb Code    92  misc.o(i.NVIC_Init)
    NVIC_PriorityGroupConfig                 0x08000535   Thumb Code    10  misc.o(i.NVIC_PriorityGroupConfig)
    NVIC_SetVectorTable                      0x08000549   Thumb Code    12  misc.o(i.NVIC_SetVectorTable)
    PendSV_Handler                           0x0800055d   Thumb Code     2  stm32f10x_it.o(i.PendSV_Handler)
    RCC_APB1PeriphClockCmd                   0x08000561   Thumb Code    18  stm32f10x_rcc.o(i.RCC_APB1PeriphClockCmd)
    RCC_APB1PeriphResetCmd                   0x08000579   Thumb Code    18  stm32f10x_rcc.o(i.RCC_APB1PeriphResetCmd)
    RCC_APB2PeriphClockCmd                   0x08000591   Thumb Code    18  stm32f10x_rcc.o(i.RCC_APB2PeriphClockCmd)
    RCC_APB2PeriphResetCmd                   0x080005a9   Thumb Code    18  stm32f10x_rcc.o(i.RCC_APB2PeriphResetCmd)
    RCC_Configuration                        0x080005c1   Thumb Code    94  chipset.o(i.RCC_Configuration)
    RCC_DeInit                               0x08000621   Thumb Code    50  stm32f10x_rcc.o(i.RCC_DeInit)
    RCC_GetClocksFreq                        0x08000661   Thumb Code   136  stm32f10x_rcc.o(i.RCC_GetClocksFreq)
    RCC_GetFlagStatus                        0x080006f9   Thumb Code    44  stm32f10x_rcc.o(i.RCC_GetFlagStatus)
    RCC_GetSYSCLKSource                      0x08000729   Thumb Code    10  stm32f10x_rcc.o(i.RCC_GetSYSCLKSource)
    RCC_HCLKConfig                           0x08000739   Thumb Code    14  stm32f10x_rcc.o(i.RCC_HCLKConfig)
    RCC_HSEConfig                            0x0800074d   Thumb Code    48  stm32f10x_rcc.o(i.RCC_HSEConfig)
    RCC_PCLK1Config                          0x08000781   Thumb Code    14  stm32f10x_rcc.o(i.RCC_PCLK1Config)
    RCC_PCLK2Config                          0x08000795   Thumb Code    16  stm32f10x_rcc.o(i.RCC_PCLK2Config)
    RCC_PLLCmd                               0x080007a9   Thumb Code     6  stm32f10x_rcc.o(i.RCC_PLLCmd)
    RCC_PLLConfig                            0x080007b5   Thumb Code    16  stm32f10x_rcc.o(i.RCC_PLLConfig)
    RCC_SYSCLKConfig                         0x080007c9   Thumb Code    14  stm32f10x_rcc.o(i.RCC_SYSCLKConfig)
    RCC_WaitForHSEStartUp                    0x080007dd   Thumb Code    38  stm32f10x_rcc.o(i.RCC_WaitForHSEStartUp)
    SVC_Handler                              0x08000803   Thumb Code     2  stm32f10x_it.o(i.SVC_Handler)
    SysTick_Handler                          0x08000b85   Thumb Code     2  stm32f10x_it.o(i.SysTick_Handler)
    SystemInit                               0x08000b89   Thumb Code    52  system_stm32f10x.o(i.SystemInit)
    TIM2_IRQHandler                          0x08000bc9   Thumb Code    76  times.o(i.TIM2_IRQHandler)
    TIM_ClearFlag                            0x08000c19   Thumb Code     6  stm32f10x_tim.o(i.TIM_ClearFlag)
    TIM_ClearITPendingBit                    0x08000c1f   Thumb Code     6  stm32f10x_tim.o(i.TIM_ClearITPendingBit)
    TIM_Cmd                                  0x08000c25   Thumb Code    20  stm32f10x_tim.o(i.TIM_Cmd)
    TIM_DeInit                               0x08000c39   Thumb Code   304  stm32f10x_tim.o(i.TIM_DeInit)
    TIM_GetITStatus                          0x08000da9   Thumb Code    24  stm32f10x_tim.o(i.TIM_GetITStatus)
    TIM_ITConfig                             0x08000dc1   Thumb Code    16  stm32f10x_tim.o(i.TIM_ITConfig)
    TIM_TimeBaseInit                         0x08000dd1   Thumb Code   114  stm32f10x_tim.o(i.TIM_TimeBaseInit)
    USART1_IRQHandler                        0x08000e6d   Thumb Code    78  usart.o(i.USART1_IRQHandler)
    USART2_IRQHandler                        0x08000ec1   Thumb Code    54  usart.o(i.USART2_IRQHandler)
    USART3_IRQHandler                        0x08000efd   Thumb Code    78  usart.o(i.USART3_IRQHandler)
    USART_ClearFlag                          0x08000f51   Thumb Code     6  stm32f10x_usart.o(i.USART_ClearFlag)
    USART_ClearITPendingBit                  0x08000f57   Thumb Code    12  stm32f10x_usart.o(i.USART_ClearITPendingBit)
    USART_Cmd                                0x08000f63   Thumb Code    20  stm32f10x_usart.o(i.USART_Cmd)
    USART_Configuration                      0x08000f79   Thumb Code   260  chipset.o(i.USART_Configuration)
    USART_GetFlagStatus                      0x08001091   Thumb Code    14  stm32f10x_usart.o(i.USART_GetFlagStatus)
    USART_GetITStatus                        0x0800109f   Thumb Code    62  stm32f10x_usart.o(i.USART_GetITStatus)
    USART_ITConfig                           0x080010dd   Thumb Code    48  stm32f10x_usart.o(i.USART_ITConfig)
    USART_Init                               0x0800110d   Thumb Code   176  stm32f10x_usart.o(i.USART_Init)
    USART_ReceiveData                        0x080011c1   Thumb Code     8  stm32f10x_usart.o(i.USART_ReceiveData)
    USART_SendData                           0x080011c9   Thumb Code     8  stm32f10x_usart.o(i.USART_SendData)
    UsageFault_Handler                       0x080011d1   Thumb Code     2  stm32f10x_it.o(i.UsageFault_Handler)
    __0printf$3                              0x080011d5   Thumb Code    22  printf3.o(i.__0printf$3)
    __1printf$3                              0x080011d5   Thumb Code     0  printf3.o(i.__0printf$3)
    __2printf                                0x080011d5   Thumb Code     0  printf3.o(i.__0printf$3)
    __0sprintf$3                             0x080011f5   Thumb Code    34  printf3.o(i.__0sprintf$3)
    __1sprintf$3                             0x080011f5   Thumb Code     0  printf3.o(i.__0sprintf$3)
    __2sprintf                               0x080011f5   Thumb Code     0  printf3.o(i.__0sprintf$3)
    __scatterload_copy                       0x0800121d   Thumb Code    14  handlers.o(i.__scatterload_copy)
    __scatterload_null                       0x0800122b   Thumb Code     2  handlers.o(i.__scatterload_null)
    __scatterload_zeroinit                   0x0800122d   Thumb Code    14  handlers.o(i.__scatterload_zeroinit)
    clean_gps_flag                           0x080013fd   Thumb Code    12  usart.o(i.clean_gps_flag)
    clean_time2_flags                        0x0800140d   Thumb Code    14  times.o(i.clean_time2_flags)
    clean_tp_flag                            0x08001421   Thumb Code    12  usart.o(i.clean_tp_flag)
    clear_buf_uart3                          0x08001431   Thumb Code    52  usart.o(i.clear_buf_uart3)
    debug_put_word                           0x0800146d   Thumb Code    26  usart.o(i.debug_put_word)
    delay_GSM                                0x08001487   Thumb Code    24  times.o(i.delay_GSM)
    fputc                                    0x080014a1   Thumb Code    30  main.o(i.fputc)
    init_gprs_mode                           0x080014c5   Thumb Code   120  gprs.o(i.init_gprs_mode)
    is_gprs_mode_status_ok                   0x080015e9   Thumb Code     6  gprs.o(i.is_gprs_mode_status_ok)
    main                                     0x080015f5   Thumb Code    90  main.o(i.main)
    send_data_uart1                          0x08001705   Thumb Code    30  usart.o(i.send_data_uart1)
    send_data_uart2                          0x08001729   Thumb Code    30  usart.o(i.send_data_uart2)
    send_data_uart3                          0x0800174d   Thumb Code    30  usart.o(i.send_data_uart3)
    send_gsm_text                            0x08001771   Thumb Code   118  gprs.o(i.send_gsm_text)
    send_string_uart1                        0x08001819   Thumb Code    20  usart.o(i.send_string_uart1)
    send_string_uart3                        0x0800182d   Thumb Code    20  usart.o(i.send_string_uart3)
    stm32_Init                               0x08001841   Thumb Code    22  main.o(i.stm32_Init)
    usart1_receive_process_event             0x08001859   Thumb Code    76  usart.o(i.usart1_receive_process_event)
    usart3_receive_process_event             0x080018b1   Thumb Code    28  usart.o(i.usart3_receive_process_event)
    Region$$Table$$Base                      0x080018d0   Number         0  anon$$obj.o(Region$$Table)
    Region$$Table$$Limit                     0x080018f0   Number         0  anon$$obj.o(Region$$Table)
    err                                      0x20000000   Data           4  main.o(.data)
    is_gprs_mode_ok                          0x20000004   Data           1  gprs.o(.data)
    is_gprs_mode_start_succeed               0x20000005   Data           1  gprs.o(.data)
    current_status                           0x20000006   Data           1  gprs.o(.data)
    num_of_sms                               0x20000014   Data           4  gprs.o(.data)
    msg1                                     0x20000018   Data         199  gprs.o(.data)
    g_gps_flag                               0x200000df   Data           3  usart.o(.data)
    g_config_flag                            0x200000e2   Data           3  usart.o(.data)
    g_tp_flag                                0x200000e5   Data           3  usart.o(.data)
    __stdout                                 0x200000fc   Data           4  stdout.o(.data)
    g_time2                                  0x20000100   Data          16  times.o(.bss)
    buf_uart1                                0x20000110   Data         108  usart.o(.bss)
    buf_uart2                                0x2000017c   Data         108  usart.o(.bss)
    buf_uart3                                0x200001e8   Data         108  usart.o(.bss)
    buf_tp                                   0x20000254   Data          12  usart.o(.bss)
    __initial_sp                             0x20000660   Data           0  startup_stm32f10x_hd.o(STACK)



==============================================================================

Memory Map of the image

  Image Entry point : 0x08000131

  Load Region LR_IROM1 (Base: 0x08000000, Size: 0x000019f0, Max: 0x00020000, ABSOLUTE)

    Execution Region ER_IROM1 (Base: 0x08000000, Size: 0x000018f0, Max: 0x00020000, ABSOLUTE)

    Base Addr    Size         Type   Attr      Idx    E Section Name        Object

    0x08000000   0x00000130   Data   RO         3424    RESET               startup_stm32f10x_hd.o
    0x08000130   0x00000000   Code   RO         3429  * .ARM.Collect$$$$00000000  mc_w.l(entry.o)(mc_w.l)
    0x08000130   0x00000004   Code   RO         3711    .ARM.Collect$$$$00000001  mc_w.l(entry2.o)(mc_w.l)
    0x08000134   0x00000004   Code   RO         3714    .ARM.Collect$$$$00000004  mc_w.l(entry5.o)(mc_w.l)
    0x08000138   0x00000008   Code   RO         3715    .ARM.Collect$$$$00000007  mc_w.l(entry7.o)(mc_w.l)
    0x08000140   0x00000004   Code   RO         3712    .ARM.Collect$$$$00002712  mc_w.l(entry2.o)(mc_w.l)
    0x08000144   0x00000024   Code   RO         3425    .text               startup_stm32f10x_hd.o
    0x08000168   0x00000026   Code   RO         3432    .text               mc_w.l(memseta.o)(mc_w.l)
    0x0800018e   0x0000002c   Code   RO         3434    .text               mc_w.l(strstr.o)(mc_w.l)
    0x080001ba   0x00000010   Code   RO         3438    .text               mc_w.l(strlen.o)(mc_w.l)
    0x080001ca   0x0000002c   Code   RO         3717    .text               mc_w.l(uidiv.o)(mc_w.l)
    0x080001f6   0x00000002   PAD
    0x080001f8   0x00000024   Code   RO         3741    .text               mc_w.l(init.o)(mc_w.l)
    0x0800021c   0x00000002   Code   RO            1    i.BusFault_Handler  stm32f10x_it.o
    0x0800021e   0x00000002   Code   RO            2    i.DebugMon_Handler  stm32f10x_it.o
    0x08000220   0x00000018   Code   RO         2280    i.FLASH_PrefetchBufferCmd  stm32f10x_flash.o
    0x08000238   0x00000014   Code   RO         2285    i.FLASH_SetLatency  stm32f10x_flash.o
    0x0800024c   0x000000c0   Code   RO          863    i.GPIO_Configuration  chipset.o
    0x0800030c   0x000000a4   Code   RO         1141    i.GPIO_Init         stm32f10x_gpio.o
    0x080003b0   0x00000058   Code   RO         1143    i.GPIO_PinRemapConfig  stm32f10x_gpio.o
    0x08000408   0x00000002   Code   RO            3    i.HardFault_Handler  stm32f10x_it.o
    0x0800040a   0x00000048   Code   RO          865    i.Init_TIM2         chipset.o
    0x08000452   0x00000002   Code   RO            4    i.MemManage_Handler  stm32f10x_it.o
    0x08000454   0x00000002   Code   RO            5    i.NMI_Handler       stm32f10x_it.o
    0x08000456   0x00000080   Code   RO          866    i.NVIC_Configuration  chipset.o
    0x080004d6   0x0000005c   Code   RO         1255    i.NVIC_Init         misc.o
    0x08000532   0x00000002   PAD
    0x08000534   0x00000014   Code   RO         1256    i.NVIC_PriorityGroupConfig  misc.o
    0x08000548   0x00000014   Code   RO         1257    i.NVIC_SetVectorTable  misc.o
    0x0800055c   0x00000002   Code   RO            6    i.PendSV_Handler    stm32f10x_it.o
    0x0800055e   0x00000002   PAD
    0x08000560   0x00000018   Code   RO          910    i.RCC_APB1PeriphClockCmd  stm32f10x_rcc.o
    0x08000578   0x00000018   Code   RO          911    i.RCC_APB1PeriphResetCmd  stm32f10x_rcc.o
    0x08000590   0x00000018   Code   RO          912    i.RCC_APB2PeriphClockCmd  stm32f10x_rcc.o
    0x080005a8   0x00000018   Code   RO          913    i.RCC_APB2PeriphResetCmd  stm32f10x_rcc.o
    0x080005c0   0x0000005e   Code   RO          867    i.RCC_Configuration  chipset.o
    0x0800061e   0x00000002   PAD
    0x08000620   0x00000040   Code   RO          919    i.RCC_DeInit        stm32f10x_rcc.o
    0x08000660   0x00000098   Code   RO          920    i.RCC_GetClocksFreq  stm32f10x_rcc.o
    0x080006f8   0x00000030   Code   RO          921    i.RCC_GetFlagStatus  stm32f10x_rcc.o
    0x08000728   0x00000010   Code   RO          923    i.RCC_GetSYSCLKSource  stm32f10x_rcc.o
    0x08000738   0x00000014   Code   RO          924    i.RCC_HCLKConfig    stm32f10x_rcc.o
    0x0800074c   0x00000034   Code   RO          925    i.RCC_HSEConfig     stm32f10x_rcc.o
    0x08000780   0x00000014   Code   RO          931    i.RCC_PCLK1Config   stm32f10x_rcc.o
    0x08000794   0x00000014   Code   RO          932    i.RCC_PCLK2Config   stm32f10x_rcc.o
    0x080007a8   0x0000000c   Code   RO          933    i.RCC_PLLCmd        stm32f10x_rcc.o
    0x080007b4   0x00000014   Code   RO          934    i.RCC_PLLConfig     stm32f10x_rcc.o
    0x080007c8   0x00000014   Code   RO          937    i.RCC_SYSCLKConfig  stm32f10x_rcc.o
    0x080007dc   0x00000026   Code   RO          939    i.RCC_WaitForHSEStartUp  stm32f10x_rcc.o
    0x08000802   0x00000002   Code   RO            7    i.SVC_Handler       stm32f10x_it.o
    0x08000804   0x00000088   Code   RO          184    i.S_CREG            gprs.o
    0x0800088c   0x00000084   Code   RO          185    i.S_ECHO0           gprs.o
    0x08000910   0x00000088   Code   RO          190    i.S_GSM_CHAR_MODE_RET_S  gprs.o
    0x08000998   0x0000008c   Code   RO          191    i.S_GSM_CHAR_MODE_S  gprs.o
    0x08000a24   0x00000044   Code   RO          192    i.S_GSM_MSG_MODE_S  gprs.o
    0x08000a68   0x0000008c   Code   RO          194    i.S_SIMCARD         gprs.o
    0x08000af4   0x00000090   Code   RO         3030    i.SetSysClockTo72   system_stm32f10x.o
    0x08000b84   0x00000002   Code   RO            8    i.SysTick_Handler   stm32f10x_it.o
    0x08000b86   0x00000002   PAD
    0x08000b88   0x00000040   Code   RO         3032    i.SystemInit        system_stm32f10x.o
    0x08000bc8   0x00000050   Code   RO          555    i.TIM2_IRQHandler   times.o
    0x08000c18   0x00000006   Code   RO         2491    i.TIM_ClearFlag     stm32f10x_tim.o
    0x08000c1e   0x00000006   Code   RO         2492    i.TIM_ClearITPendingBit  stm32f10x_tim.o
    0x08000c24   0x00000014   Code   RO         2497    i.TIM_Cmd           stm32f10x_tim.o
    0x08000c38   0x00000170   Code   RO         2502    i.TIM_DeInit        stm32f10x_tim.o
    0x08000da8   0x00000018   Code   RO         2518    i.TIM_GetITStatus   stm32f10x_tim.o
    0x08000dc0   0x00000010   Code   RO         2522    i.TIM_ITConfig      stm32f10x_tim.o
    0x08000dd0   0x0000009c   Code   RO         2568    i.TIM_TimeBaseInit  stm32f10x_tim.o
    0x08000e6c   0x00000054   Code   RO          621    i.USART1_IRQHandler  usart.o
    0x08000ec0   0x0000003c   Code   RO          622    i.USART2_IRQHandler  usart.o
    0x08000efc   0x00000054   Code   RO          623    i.USART3_IRQHandler  usart.o
    0x08000f50   0x00000006   Code   RO         1621    i.USART_ClearFlag   stm32f10x_usart.o
    0x08000f56   0x0000000c   Code   RO         1622    i.USART_ClearITPendingBit  stm32f10x_usart.o
    0x08000f62   0x00000014   Code   RO         1625    i.USART_Cmd         stm32f10x_usart.o
    0x08000f76   0x00000002   PAD
    0x08000f78   0x00000118   Code   RO          868    i.USART_Configuration  chipset.o
    0x08001090   0x0000000e   Code   RO         1628    i.USART_GetFlagStatus  stm32f10x_usart.o
    0x0800109e   0x0000003e   Code   RO         1629    i.USART_GetITStatus  stm32f10x_usart.o
    0x080010dc   0x00000030   Code   RO         1631    i.USART_ITConfig    stm32f10x_usart.o
    0x0800110c   0x000000b4   Code   RO         1632    i.USART_Init        stm32f10x_usart.o
    0x080011c0   0x00000008   Code   RO         1639    i.USART_ReceiveData  stm32f10x_usart.o
    0x080011c8   0x00000008   Code   RO         1642    i.USART_SendData    stm32f10x_usart.o
    0x080011d0   0x00000002   Code   RO            9    i.UsageFault_Handler  stm32f10x_it.o
    0x080011d2   0x00000002   PAD
    0x080011d4   0x00000020   Code   RO         3529    i.__0printf$3       mc_w.l(printf3.o)(mc_w.l)
    0x080011f4   0x00000028   Code   RO         3531    i.__0sprintf$3      mc_w.l(printf3.o)(mc_w.l)
    0x0800121c   0x0000000e   Code   RO         3783    i.__scatterload_copy  mc_w.l(handlers.o)(mc_w.l)
    0x0800122a   0x00000002   Code   RO         3784    i.__scatterload_null  mc_w.l(handlers.o)(mc_w.l)
    0x0800122c   0x0000000e   Code   RO         3785    i.__scatterload_zeroinit  mc_w.l(handlers.o)(mc_w.l)
    0x0800123a   0x00000002   PAD
    0x0800123c   0x000001b4   Code   RO         3536    i._printf_core      mc_w.l(printf3.o)(mc_w.l)
    0x080013f0   0x0000000a   Code   RO         3538    i._sputc            mc_w.l(printf3.o)(mc_w.l)
    0x080013fa   0x00000002   PAD
    0x080013fc   0x00000010   Code   RO          625    i.clean_gps_flag    usart.o
    0x0800140c   0x00000014   Code   RO          556    i.clean_time2_flags  times.o
    0x08001420   0x00000010   Code   RO          626    i.clean_tp_flag     usart.o
    0x08001430   0x0000003c   Code   RO          629    i.clear_buf_uart3   usart.o
    0x0800146c   0x0000001a   Code   RO          630    i.debug_put_word    usart.o
    0x08001486   0x00000018   Code   RO          558    i.delay_GSM         times.o
    0x0800149e   0x00000002   PAD
    0x080014a0   0x00000024   Code   RO          110    i.fputc             main.o
    0x080014c4   0x000000c4   Code   RO          212    i.init_gprs_mode    gprs.o
    0x08001588   0x00000060   Code   RO          213    i.init_sms_to_send  gprs.o
    0x080015e8   0x0000000c   Code   RO          215    i.is_gprs_mode_status_ok  gprs.o
    0x080015f4   0x00000110   Code   RO          111    i.main              main.o
    0x08001704   0x00000024   Code   RO          641    i.send_data_uart1   usart.o
    0x08001728   0x00000024   Code   RO          642    i.send_data_uart2   usart.o
    0x0800174c   0x00000024   Code   RO          643    i.send_data_uart3   usart.o
    0x08001770   0x000000a8   Code   RO          221    i.send_gsm_text     gprs.o
    0x08001818   0x00000014   Code   RO          644    i.send_string_uart1  usart.o
    0x0800182c   0x00000014   Code   RO          646    i.send_string_uart3  usart.o
    0x08001840   0x00000016   Code   RO          112    i.stm32_Init        main.o
    0x08001856   0x00000002   PAD
    0x08001858   0x00000058   Code   RO          647    i.usart1_receive_process_event  usart.o
    0x080018b0   0x00000020   Code   RO          649    i.usart3_receive_process_event  usart.o
    0x080018d0   0x00000020   Data   RO         3781    Region$$Table       anon$$obj.o


    Execution Region RW_IRAM1 (Base: 0x20000000, Size: 0x00000660, Max: 0x00005000, ABSOLUTE)

    Base Addr    Size         Type   Attr      Idx    E Section Name        Object

    0x20000000   0x00000004   Data   RW          113    .data               main.o
    0x20000004   0x000000db   Data   RW          231    .data               gprs.o
    0x200000df   0x00000009   Data   RW          653    .data               usart.o
    0x200000e8   0x00000014   Data   RW          940    .data               stm32f10x_rcc.o
    0x200000fc   0x00000004   Data   RW         3716    .data               mc_w.l(stdout.o)(mc_w.l)
    0x20000100   0x00000010   Zero   RW          561    .bss                times.o
    0x20000110   0x00000150   Zero   RW          650    .bss                usart.o
    0x20000260   0x00000400   Zero   RW         3422    STACK               startup_stm32f10x_hd.o


==============================================================================

Image component sizes


      Code (inc. data)   RO Data    RW Data    ZI Data      Debug   Object Name

       766         44          0          0          0          0   chipset.o
         0          0          0          0          0          0   core_cm3.o
      1224        534          0        219          0          0   gprs.o
       330        188          0          4          0          0   main.o
       132         18          0          0          0          0   misc.o
        36          8        304          0       1024          0   startup_stm32f10x_hd.o
        44         12          0          0          0          0   stm32f10x_flash.o
       252          6          0          0          0          0   stm32f10x_gpio.o
        18          0          0          0          0          0   stm32f10x_it.o
       578        100          0         20          0          0   stm32f10x_rcc.o
       596        106          0          0          0          0   stm32f10x_tim.o
       358          4          0          0          0          0   stm32f10x_usart.o
       208         20          0          0          0          0   system_stm32f10x.o
       124         10          0          0         16          0   times.o
       614         68          0          9        336          0   usart.o

    ----------------------------------------------------------------------
      5296       1118        336        252       1376          0   Object Totals
         0          0         32          0          0          0   (incl. Generated)
        16          0          0          0          0          3   (incl. Padding)

    ----------------------------------------------------------------------

      Code (inc. data)   RO Data    RW Data    ZI Data      Debug   Library Member Name

         0          0          0          0          0          0   entry.o
         8          4          0          0          0          0   entry2.o
         4          0          0          0          0          0   entry5.o
         8          4          0          0          0          0   entry7.o
        30          0          0          0          0          0   handlers.o
        36          8          0          0          0          0   init.o
        38          0          0          0          0          0   memseta.o
       518         22          0          0          0          0   printf3.o
         0          0          0          4          0          0   stdout.o
        16          0          0          0          0          0   strlen.o
        44          0          0          0          0          0   strstr.o
        44          0          0          0          0          0   uidiv.o

    ----------------------------------------------------------------------
       752         38          0          4          0          0   Library Totals
         6          0          0          0          0          0   (incl. Padding)

    ----------------------------------------------------------------------

      Code (inc. data)   RO Data    RW Data    ZI Data      Debug   Library Name

       746         38          0          4          0        736   mc_w.l

    ----------------------------------------------------------------------
       752         38          0          4          0          0   Library Totals

    ----------------------------------------------------------------------

==============================================================================


      Code (inc. data)   RO Data    RW Data    ZI Data      Debug   

      6048       1156        336        256       1376     364300   Grand Totals
      6048       1156        336        256       1376     364300   ELF Image Totals
      6048       1156        336        256          0          0   ROM Totals

==============================================================================

    Total RO  Size (Code + RO Data)                 6384 (   6.23kB)
    Total RW  Size (RW Data + ZI Data)              1632 (   1.59kB)
    Total ROM Size (Code + RO Data + RW Data)       6640 (   6.48kB)

==============================================================================

