<html>
<body>
<pre>
<h1>礦ision Build Log</h1>
<h2>Project:</h2>
E:\STM32神州一号开发板资料\source8M\Project\STMTC35_NOMCU\MDK-ARM\Project.uvproj
Project File Date:  03/31/2012

<h2>Output:</h2>
Build target 'tpytongxin'
compiling main.c...
linking...
Program Size: Code=6048 RO-data=336 RW-data=256 ZI-data=1376  
FromELF: creating hex file...
".\output\target.axf" - 0 Error(s), 0 Warning(s).
Build target 'tpytongxin'
compiling main.c...
compiling gprs.c...
compiling times.c...
compiling usart.c...
linking...
Program Size: Code=6048 RO-data=336 RW-data=256 ZI-data=1376  
FromELF: creating hex file...
".\output\target.axf" - 0 Error(s), 0 Warning(s).
